  [6183] 'Amarone della Valpolicella' -> https://upload.wikimedia.org/wikipedia/commons/thumb/1/1c/Amarone_BMK.jpg/500px-Amarone_BMK.jpg
  [6184] 'Appenzeller Käse' -> https://upload.wikimedia.org/wikipedia/commons/thumb/8/83/Appenzeller_%28cheese%29.jpg/500px-Appenzeller_%28cheese%29.jpg
  [6185] 'Balsamic Vinegar' -> https://upload.wikimedia.org/wikipedia/commons/thumb/4/4e/Balsamic_vinegar_%28drops%29.jpg/500px-Balsamic_vinegar_%28drops%29.jpg
  [6186] 'Bantu beer,Kaffir beer' -> https://upload.wikimedia.org/wikipedia/commons/thumb/a/ab/Millet_beer_%28chapalo%29_seller.jpg/500px-Millet_beer_%28chapalo%29_seller.jpg
  [6187] 'Basque Pyrenees Mountain Cheeses' -> https://upload.wikimedia.org/wikipedia/commons/thumb/f/fd/B%C3%A9arn_and_the_Pyrenees_-_a_legendary_tour_of_the_country_of_Henry_Quatre_%28IA_b29330828_0002%29.pdf/page1-500px-B%C3%A9arn_and_the_Pyrenees_-_a_legendary_tour_of_the_country_of_Henry_Quatre_%28IA_b29330828_0002%29.pdf.jpg
  [6188] 'Berliner Weisse' -> https://upload.wikimedia.org/wikipedia/commons/thumb/0/03/Berliner_Weisse_mit_Strohhalm.jpg/500px-Berliner_Weisse_mit_Strohhalm.jpg
  [6189] "Bleu d'Auvergne" -> https://upload.wikimedia.org/wikipedia/commons/thumb/f/f3/Bleu_d%27Auvergne_cheese.jpg/500px-Bleu_d%27Auvergne_cheese.jpg
  [6193] "Carre de l'est" -> https://upload.wikimedia.org/wikipedia/commons/thumb/7/73/Carr%C3%A9_de_l%27Est_%28complet%29.jpg/500px-Carr%C3%A9_de_l%27Est_%28complet%29.jpg
  [6194] 'Casu martzu' -> https://upload.wikimedia.org/wikipedia/commons/thumb/3/36/Casu_Marzu_cheese.jpg/500px-Casu_Marzu_cheese.jpg
  [6196] 'Chinese pickles' -> https://upload.wikimedia.org/wikipedia/commons/thumb/3/36/Ginkgo_porridge_with_assortment_of_preserved_pickles_%285227173918%29.jpg/500px-Ginkgo_porridge_with_assortment_of_preserved_pickles_%285227173918%29.jpg
  [6197] 'Cider' -> https://upload.wikimedia.org/wikipedia/commons/thumb/6/65/Hoila-Cider_from_Zingerle%2C_Bolzano%2C_South_Tyrol_0633.jpg/500px-Hoila-Cider_from_Zingerle%2C_Bolzano%2C_South_Tyrol_0633.jpg
  [6200] 'Colatura di alici' -> https://upload.wikimedia.org/wikipedia/commons/thumb/e/e9/Spaghetti_di_Gragnano_e_colatura_di_alici.jpg/500px-Spaghetti_di_Gragnano_e_colatura_di_alici.jpg
  [6201] 'Colombian Champus' -> https://upload.wikimedia.org/wikipedia/commons/thumb/e/e8/Champus.jpg/500px-Champus.jpg
  [6202] 'Creme fraiche' -> https://upload.wikimedia.org/wikipedia/commons/thumb/a/a2/Pecan_Tart_with_Creme_Fraiche_Chantilly_%284202050303%29.jpg/500px-Pecan_Tart_with_Creme_Fraiche_Chantilly_%284202050303%29.jpg
  [6203] 'Demi-sel' -> https://upload.wikimedia.org/wikipedia/commons/thumb/a/a8/Vaudere_-_Les_Demi_sexes.pdf/page1-500px-Vaudere_-_Les_Demi_sexes.pdf.jpg
  [6204] 'Egyptian Kishk' -> https://upload.wikimedia.org/wikipedia/commons/thumb/9/9b/Sheikh_Abd_al_Hamid_Kishk.ogv/500px--Sheikh_Abd_al_Hamid_Kishk.ogv.jpg
  [6205] 'Emmental cheese' -> https://upload.wikimedia.org/wikipedia/commons/thumb/8/89/Swiss_cheese_cubes.jpg/500px-Swiss_cheese_cubes.jpg
  [6206] 'Fermented Tea,Dark Tea' -> https://upload.wikimedia.org/wikipedia/commons/thumb/4/45/Anhua_Fuzhuan_Fermented_Tea.jpg/500px-Anhua_Fuzhuan_Fermented_Tea.jpg
  [6207] 'Flanders brown ale,Oud Bruin' -> https://upload.wikimedia.org/wikipedia/commons/a/ac/Gulpener_Oud_Bruin.jpg
  [commons.wikimedia.org] 429 intento 1, esperando 10s ...
  [6208] 'Flanders red ale' -> https://upload.wikimedia.org/wikipedia/commons/thumb/4/4c/Christmas_Tales_of_Flanders_1917_%28Internet_Archive--Scanned_2025%29.pdf/page1-500px-Christmas_Tales_of_Flanders_1917_%28Internet_Archive--Scanned_2025%29.pdf.jpg
  [6210] 'Glundner cheese' -> https://upload.wikimedia.org/wikipedia/commons/thumb/c/c3/2021-08-09-Glundner_K%C3%A4se-1446.jpg/500px-2021-08-09-Glundner_K%C3%A4se-1446.jpg
  [6212] 'Lychee wine' -> https://upload.wikimedia.org/wikipedia/commons/thumb/1/1c/Bottle_of_Lychee_Wine.jpg/500px-Bottle_of_Lychee_Wine.jpg
  [6214] 'Olomouc cheese' -> https://upload.wikimedia.org/wikipedia/commons/thumb/b/b1/Olomouck%C3%A9_tvar%C5%AF%C5%BEky_%281%29.jpg/500px-Olomouck%C3%A9_tvar%C5%AF%C5%BEky_%281%29.jpg
  [6215] 'Pag Island Cheese' -> https://upload.wikimedia.org/wikipedia/commons/thumb/b/b4/20140507_Pa%C5%A1ki_sir_cheese_from_Pag.jpg/500px-20140507_Pa%C5%A1ki_sir_cheese_from_Pag.jpg
  [6216] 'Pane di Laterza' -> https://upload.wikimedia.org/wikipedia/commons/thumb/1/14/Bandello_-_Novelle%2C_Laterza_1910%2C_II.djvu/page1-500px-Bandello_-_Novelle%2C_Laterza_1910%2C_II.djvu.jpg
  [6217] 'Pane di Matera' -> https://upload.wikimedia.org/wikipedia/commons/thumb/1/17/Pane_di_Matera.jpg/500px-Pane_di_Matera.jpg
  [6218] 'Pas de Rouge' -> https://upload.wikimedia.org/wikipedia/commons/thumb/9/96/Liettres_%28Pas-de-Calais%29_h%C3%AAtre_rouge_de_4_si%C3%A8cles.JPG/500px-Liettres_%28Pas-de-Calais%29_h%C3%AAtre_rouge_de_4_si%C3%A8cles.JPG
  [6219] 'Queijo Serra da Estrela' -> https://upload.wikimedia.org/wikipedia/commons/thumb/6/60/Queijo_Serra_da_Estrela.jpg/500px-Queijo_Serra_da_Estrela.jpg
  [6220] 'Queijo minas' -> https://upload.wikimedia.org/wikipedia/commons/thumb/3/32/Queijo_Minas_Frescal.JPG/500px-Queijo_Minas_Frescal.JPG
  [6221] 'Ruou can' -> https://upload.wikimedia.org/wikipedia/commons/thumb/7/71/Ruou_can_jars_in_E_De_long_house.png/500px-Ruou_can_jars_in_E_De_long_house.png
  [6222] 'Sauerkraut' -> https://upload.wikimedia.org/wikipedia/commons/thumb/b/b5/Kiszona_kapusta.JPG/500px-Kiszona_kapusta.JPG
  [commons.wikimedia.org] 429 intento 1, esperando 39s ...
  [6223] 'Shalgam,Turnip water' -> https://upload.wikimedia.org/wikipedia/commons/thumb/d/da/%C5%9Ealgam_%286418904397%29.jpg/500px-%C5%9Ealgam_%286418904397%29.jpg
  [6224] 'Sierra rice' -> https://upload.wikimedia.org/wikipedia/commons/thumb/b/b0/Sierra_Leone_rice_farmer.jpg/500px-Sierra_Leone_rice_farmer.jpg
  [6225] 'Sour cabbage' -> https://upload.wikimedia.org/wikipedia/commons/thumb/e/e8/Motsuyaki%2C_cabbage%2C_and_baisu_sour_at_daruma%2C_koenji_%2846523872161%29.jpg/500px-Motsuyaki%2C_cabbage%2C_and_baisu_sour_at_daruma%2C_koenji_%2846523872161%29.jpg
  [6226] "Vacherin Mont-d'Or" -> https://upload.wikimedia.org/wikipedia/commons/thumb/4/44/Vacherin_du_haut_Doubs.jpg/500px-Vacherin_du_haut_Doubs.jpg
  [6227] "Valle D'Aosta Fromadzo" -> https://upload.wikimedia.org/wikipedia/commons/thumb/d/df/Fromadzo_DOP_-_Foire_de_Saint-Ours_2026.png/500px-Fromadzo_DOP_-_Foire_de_Saint-Ours_2026.png
  [6228] 'Yarg Cornish Cheese' -> https://upload.wikimedia.org/wikipedia/commons/thumb/c/c5/Lynher_Dairy_the_home_of_Cornish_Yarg_-_geograph.org.uk_-_38651.jpg/500px-Lynher_Dairy_the_home_of_Cornish_Yarg_-_geograph.org.uk_-_38651.jpg
  [6230] 'Bleu de Gex Haut-Jura' -> https://upload.wikimedia.org/wikipedia/commons/thumb/a/a8/Bleu_de_Gex.jpg/500px-Bleu_de_Gex.jpg
  [6231] 'Brie de Meaux' -> https://upload.wikimedia.org/wikipedia/commons/thumb/d/da/Brie_de_Meaux_close.jpg/500px-Brie_de_Meaux_close.jpg
  [6232] 'Brie de Melun' -> https://upload.wikimedia.org/wikipedia/commons/thumb/6/65/Brie_de_Melun.jpg/500px-Brie_de_Melun.jpg
  [6233] 'Chaource' -> https://upload.wikimedia.org/wikipedia/commons/thumb/a/af/Chaource_cheese.jpg/500px-Chaource_cheese.jpg
  [6234] 'Brocciu Corse' -> https://upload.wikimedia.org/wikipedia/commons/thumb/c/cb/Brocciu_passu.jpg/500px-Brocciu_passu.jpg
  [6235] 'Pimientos del Piquillo de Lodosa' -> https://upload.wikimedia.org/wikipedia/commons/thumb/b/b7/Piquillo_Peppers.jpg/500px-Piquillo_Peppers.jpg
  [6236] 'Cabrales' -> https://upload.wikimedia.org/wikipedia/commons/thumb/b/bf/Cabrales_blue_Cheese.jpg/500px-Cabrales_blue_Cheese.jpg
  [commons.wikimedia.org] 429 intento 1, esperando 40s ...
  [6237] 'Mahón-Menorca' -> https://upload.wikimedia.org/wikipedia/commons/thumb/2/28/Mah%C3%B3n%2C_Menorca%2C_Baleares%2C_Espa%C3%B1a.jpg/500px-Mah%C3%B3n%2C_Menorca%2C_Baleares%2C_Espa%C3%B1a.jpg
  [6238] 'Roncal' -> https://upload.wikimedia.org/wikipedia/commons/thumb/2/2e/Roncal_Erronkari_BTT.JPG/500px-Roncal_Erronkari_BTT.JPG
  [6239] 'Sobrasada de Mallorca' -> https://upload.wikimedia.org/wikipedia/commons/5/5e/IGP_Sobrassada_de_Mallorca.jpg
  [6240] 'Espárrago de Navarra' -> https://upload.wikimedia.org/wikipedia/commons/thumb/8/8e/Metauten_-_Campo_de_esp%C3%A1rragos_01.jpg/500px-Metauten_-_Campo_de_esp%C3%A1rragos_01.jpg
  [6241] 'Cecina de León' -> https://upload.wikimedia.org/wikipedia/commons/thumb/6/68/Cecina_de_Le%C3%B3n.jpg/500px-Cecina_de_Le%C3%B3n.jpg
  [6242] 'Bleu des Causses' -> https://upload.wikimedia.org/wikipedia/commons/thumb/0/04/Vitrine_de_bleu_des_Causses_et_de_roquefort.jpg/500px-Vitrine_de_bleu_des_Causses_et_de_roquefort.jpg
  [6244] 'Queijo de Évora' -> https://upload.wikimedia.org/wikipedia/commons/thumb/1/16/Queijo_de_%C3%89vora.jpg/500px-Queijo_de_%C3%89vora.jpg
  [6245] 'Queijo Serpa' -> https://upload.wikimedia.org/wikipedia/commons/thumb/6/67/Queijo_Serpa.webm/500px--Queijo_Serpa.webm.jpg
  [6246] 'Queijo S. Jorge' -> https://upload.wikimedia.org/wikipedia/commons/thumb/d/dd/Queijo_de_s%C3%A3o_jorge.jpg/500px-Queijo_de_s%C3%A3o_jorge.jpg
  [commons.wikimedia.org] 429 intento 1, esperando 39s ...
  [6247] 'White Stilton cheese' -> https://upload.wikimedia.org/wikipedia/commons/thumb/5/58/Blueberry_white_Stilton_cheese.jpg/500px-Blueberry_white_Stilton_cheese.jpg
  [6248] 'West Country farmhouse Cheddar cheese' -> https://upload.wikimedia.org/wikipedia/commons/thumb/1/18/Somerset-Cheddar.jpg/500px-Somerset-Cheddar.jpg
  [6249] 'Beacon Fell traditional Lancashire cheese' -> https://upload.wikimedia.org/wikipedia/commons/thumb/1/17/Lancashire_cheese.jpg/500px-Lancashire_cheese.jpg
  [6250] 'Single Gloucester' -> https://upload.wikimedia.org/wikipedia/commons/thumb/9/96/Double_Gloucester_cheese.jpg/500px-Double_Gloucester_cheese.jpg
  [6251] 'Swaledale cheese' -> https://upload.wikimedia.org/wikipedia/commons/thumb/4/4b/Swaledale_Cheese_cowsmilk.jpg/500px-Swaledale_Cheese_cowsmilk.jpg
  [6254] 'Buxton blue' -> https://upload.wikimedia.org/wikipedia/commons/thumb/b/b2/Buxton%2C_Derbyshire_..._door_in_blue._%286884314198%29.jpg/500px-Buxton%2C_Derbyshire_..._door_in_blue._%286884314198%29.jpg
  [6255] 'Dovedale cheese' -> https://upload.wikimedia.org/wikipedia/commons/thumb/c/c8/Dovedale_cheese.jpg/500px-Dovedale_cheese.jpg
  [6256] 'Fromage de Herve' -> https://upload.wikimedia.org/wikipedia/commons/thumb/1/1e/Fromage_de_Herve.jpg/500px-Fromage_de_Herve.jpg
  [commons.wikimedia.org] 429 intento 1, esperando 39s ...
  [6257] 'Noord-Hollandse Gouda' -> https://upload.wikimedia.org/wikipedia/commons/thumb/a/a8/Gouda_-_2009_-_panoramio.jpg/500px-Gouda_-_2009_-_panoramio.jpg
  [6259] 'Boeren-Leidse met sleutels' -> https://upload.wikimedia.org/wikipedia/commons/thumb/f/fe/Leidse_kaas.JPG/500px-Leidse_kaas.JPG
  [6260] 'Olives noires de Nyons' -> https://upload.wikimedia.org/wikipedia/commons/thumb/c/ce/Pastis_et_olives_noires_de_Nyons.jpg/500px-Pastis_et_olives_noires_de_Nyons.jpg
  [6261] 'Tomme des Pyrénées' -> https://upload.wikimedia.org/wikipedia/commons/thumb/1/13/Tomme_noire_des_Pyrenees.jpg/500px-Tomme_noire_des_Pyrenees.jpg
  [6262] 'Emmental de Savoie' -> https://upload.wikimedia.org/wikipedia/commons/thumb/6/6f/Emmental_Cheese_2holes.jpg/500px-Emmental_Cheese_2holes.jpg
  [6263] 'Emmental français est-central' -> https://upload.wikimedia.org/wikipedia/commons/thumb/8/81/Emmental_015.jpg/500px-Emmental_015.jpg
  [6264] 'Queijo de Nisa' -> https://upload.wikimedia.org/wikipedia/commons/thumb/b/bb/Queijo_de_nisa.jpg/500px-Queijo_de_nisa.jpg
  [6265] 'Queijo da Beira Baixa' -> https://upload.wikimedia.org/wikipedia/commons/thumb/f/f2/Queijo_de_Castelo_Branco.jpg/500px-Queijo_de_Castelo_Branco.jpg
  [6266] 'Queijo de Azeitão' -> https://upload.wikimedia.org/wikipedia/commons/thumb/3/31/Queijo_de_Azeit%C3%A3o.jpg/500px-Queijo_de_Azeit%C3%A3o.jpg
  [commons.wikimedia.org] 429 intento 1, esperando 40s ...
  [6267] 'Queijo Terrincho' -> https://upload.wikimedia.org/wikipedia/commons/thumb/9/9a/Queijo_Terrincho.jpg/500px-Queijo_Terrincho.jpg
  [6268] 'Queijo Rabaçal' -> https://upload.wikimedia.org/wikipedia/commons/thumb/9/90/Queijo_Raba%C3%A7al_fresco.jpg/500px-Queijo_Raba%C3%A7al_fresco.jpg
  [6269] 'Queijo de Cabra Transmontano' -> https://upload.wikimedia.org/wikipedia/commons/thumb/2/25/Queijo_de_cabra_transmontano.jpg/500px-Queijo_de_cabra_transmontano.jpg
  [6270] 'Allgäuer Emmentaler' -> https://upload.wikimedia.org/wikipedia/commons/thumb/5/53/Allg%C3%A4uer_Festwoche_Zeil_Milchzelt225.jpg/500px-Allg%C3%A4uer_Festwoche_Zeil_Milchzelt225.jpg
  [6271] 'Allgäuer Bergkäse' -> https://upload.wikimedia.org/wikipedia/commons/thumb/2/25/Bergk%C3%A4se2.jpg/500px-Bergk%C3%A4se2.jpg
  [6272] 'Altenburger Ziegenkäse' -> https://upload.wikimedia.org/wikipedia/commons/thumb/b/b7/Altenburger_Ziegenk%C3%A4se_g.U.JPG/500px-Altenburger_Ziegenk%C3%A4se_g.U.JPG
  [6276] 'Bleu du Vercors-Sassenage' -> https://upload.wikimedia.org/wikipedia/commons/thumb/a/ae/Etalage_de_bleu_du_Vercors-Sassenage.jpg/500px-Etalage_de_bleu_du_Vercors-Sassenage.jpg
  [commons.wikimedia.org] 429 intento 1, esperando 39s ...
  [6277] 'Queijo mestiço de Tolosa' -> https://upload.wikimedia.org/wikipedia/commons/thumb/7/7b/Queijo_mesti%C3%A7o_de_Tolosa.jpg/500px-Queijo_mesti%C3%A7o_de_Tolosa.jpg
  [6278] 'Haricot tarbais' -> https://upload.wikimedia.org/wikipedia/commons/thumb/2/27/Haricot_tarbais.jpg/500px-Haricot_tarbais.jpg
  [6280] 'Lacón Gallego' -> https://upload.wikimedia.org/wikipedia/commons/thumb/2/2e/Lac%C3%B3n_con_patatas_y_grelos.jpg/500px-Lac%C3%B3n_con_patatas_y_grelos.jpg
  [6281] 'Exmoor Blue Cheese' -> https://upload.wikimedia.org/wikipedia/commons/thumb/d/df/Lorna_Doone-_a_romance_of_Exmoor%3B_%28IA_lornadooneromanc00blac%29.pdf/page1-500px-Lorna_Doone-_a_romance_of_Exmoor%3B_%28IA_lornadooneromanc00blac%29.pdf.jpg
  [6283] 'Tiroler Bergkäse' -> https://upload.wikimedia.org/wikipedia/commons/thumb/a/a8/Cheese_retail_portion_Tiroler_Bergk%C3%A4se_2025-02-10_01.jpg/500px-Cheese_retail_portion_Tiroler_Bergk%C3%A4se_2025-02-10_01.jpg
  [6284] 'Vorarlberger Bergkäse' -> https://upload.wikimedia.org/wikipedia/commons/thumb/5/54/2014-12-08_Bergk%C3%A4se_Milfina_5710.jpg/500px-2014-12-08_Bergk%C3%A4se_Milfina_5710.jpg
  [6285] 'Gailtaler Almkäse' -> https://upload.wikimedia.org/wikipedia/commons/thumb/5/50/Gailtaler_almk%C3%A4se_salzbad.jpg/500px-Gailtaler_almk%C3%A4se_salzbad.jpg
  [6286] 'Tiroler Almkäse' -> https://upload.wikimedia.org/wikipedia/commons/thumb/b/b0/Tiroler_almkase.jpg/500px-Tiroler_almkase.jpg
  [commons.wikimedia.org] 429 intento 1, esperando 40s ...
  [6287] 'Bresaola della Valtellina' -> https://upload.wikimedia.org/wikipedia/commons/thumb/c/cb/Bresaola-Valt-IGP.jpg/500px-Bresaola-Valt-IGP.jpg
  [6288] 'Dorset Blue Cheese' -> https://upload.wikimedia.org/wikipedia/commons/thumb/6/67/Dorset_Blue_Vinney_cheese.jpg/500px-Dorset_Blue_Vinney_cheese.jpg
  [6289] 'Berenjena de Almagro' -> https://upload.wikimedia.org/wikipedia/commons/thumb/1/15/Berenjenas-Almagro.jpg/500px-Berenjenas-Almagro.jpg
  [6290] 'Canard à foie gras du Sud-Ouest (Chalosse' -> https://upload.wikimedia.org/wikipedia/commons/thumb/9/9d/Foie_gras_with_sauternes.jpg/500px-Foie_gras_with_sauternes.jpg
  [6291] 'Queijo do Pico' -> https://upload.wikimedia.org/wikipedia/commons/thumb/0/0c/F%C3%A1brica_de_queijo_na_Ilha_do_Pico.jpg/500px-F%C3%A1brica_de_queijo_na_Ilha_do_Pico.jpg
  [6292] 'Olives cassées de la Vallée des Baux-de-Provence' -> https://upload.wikimedia.org/wikipedia/commons/thumb/0/05/120611_Les-Baux-Alpillen-01.jpg/500px-120611_Les-Baux-Alpillen-01.jpg
  [6293] 'Olives noires de la Vallée des Baux-de-Provence' -> https://upload.wikimedia.org/wikipedia/commons/thumb/2/21/Les_Alpilles_pr%C3%A8s_des_Baux_de_Provence.JPG/500px-Les_Alpilles_pr%C3%A8s_des_Baux_de_Provence.JPG
  [6294] 'Bayerischer Meerrettich' -> https://upload.wikimedia.org/wikipedia/commons/thumb/5/56/Schamel_Bayerischer_Meerrettich_Alpensahne.jpg/500px-Schamel_Bayerischer_Meerrettich_Alpensahne.jpg
  [6295] "Afuega'l Pitu" -> https://upload.wikimedia.org/wikipedia/commons/thumb/2/2a/Afuega%27l_pitu.jpg/500px-Afuega%27l_pitu.jpg
  [commons.wikimedia.org] 429 intento 1, esperando 38s ...
  [6297] 'Anchois de Collioure' -> https://upload.wikimedia.org/wikipedia/commons/thumb/b/bf/Anchois_%28Catalogne%29.jpg/500px-Anchois_%28Catalogne%29.jpg
  [6298] 'Stelvio' -> https://upload.wikimedia.org/wikipedia/commons/thumb/0/05/Bergtocht_van_Cogolo_di_Peio_naar_M.ga_Levi_in_het_Nationaal_park_Stelvio_%28Itali%C3%AB%29._Huis_aan_de_bergweg_01.jpg/500px-Bergtocht_van_Cogolo_di_Peio_naar_M.ga_Levi_in_het_Nationaal_park_Stelvio_%28Itali%C3%AB%29._Huis_aan_de_bergweg_01.jpg
  [6300] 'Salchichón de Vic' -> https://upload.wikimedia.org/wikipedia/commons/thumb/f/fa/LLonganissa_1.JPG/500px-LLonganissa_1.JPG
  [6301] 'Botillo del Bierzo' -> https://upload.wikimedia.org/wikipedia/commons/thumb/b/bc/Botillo.jpg/500px-Botillo.jpg
  [6303] 'Arzúa-Ulloa' -> https://upload.wikimedia.org/wikipedia/commons/thumb/6/6d/Arz%C3%BAa_05-01.JPG/500px-Arz%C3%BAa_05-01.JPG
  [commons.wikimedia.org] 429 intento 1, esperando 40s ...
  [6306] 'Chorizo Riojano' -> https://upload.wikimedia.org/wikipedia/commons/thumb/0/0d/Chorizo_trozos.jpg/500px-Chorizo_trozos.jpg
  [6307] 'Cebreiro' -> https://upload.wikimedia.org/wikipedia/commons/thumb/5/5f/Amencer_no_Cebreiro%2C_Pedrafita_do_Cebreiro%2C_Galiza.jpg/500px-Amencer_no_Cebreiro%2C_Pedrafita_do_Cebreiro%2C_Galiza.jpg
  [6308] 'Olive de Nice' -> https://upload.wikimedia.org/wikipedia/commons/thumb/d/dd/Olives_sur_le_march%C3%A9_Saleya_de_Nice.jpg/500px-Olives_sur_le_march%C3%A9_Saleya_de_Nice.jpg
  [6309] 'Staffordshire Cheese' -> https://upload.wikimedia.org/wikipedia/commons/thumb/3/35/The_Cheshire_Cheese_-_geograph.org.uk_-_489852.jpg/500px-The_Cheshire_Cheese_-_geograph.org.uk_-_489852.jpg
  [6310] 'San Simón da Costa' -> https://upload.wikimedia.org/wikipedia/commons/thumb/b/b1/Queso_San_Sim%C3%B3n_Da_costa.jpg/500px-Queso_San_Sim%C3%B3n_Da_costa.jpg
  [6312] 'Slovenská parenica' -> https://upload.wikimedia.org/wikipedia/commons/thumb/8/88/Parenica.jpg/500px-Parenica.jpg
  [6314] 'Caballa de Andalucía' -> https://upload.wikimedia.org/wikipedia/commons/thumb/2/2a/Caballa_y_Melva_de_Andalucia.png/500px-Caballa_y_Melva_de_Andalucia.png
  [commons.wikimedia.org] 429 intento 1, esperando 39s ...
  [6316] 'Tolminc' -> https://upload.wikimedia.org/wikipedia/commons/thumb/a/a3/Sveti_Ozbolt_-_Tolminc_Slovenia.jpg/500px-Sveti_Ozbolt_-_Tolminc_Slovenia.jpg
  [6317] 'Olive de Nîmes' -> https://upload.wikimedia.org/wikipedia/commons/thumb/c/ce/N%C3%AEmes-Place_d%27Assas-Fontaine_de_l%27%C3%89toile-Le_Jardinier_du_mont_des_oliviers-20110827.jpg/500px-N%C3%AEmes-Place_d%27Assas-Fontaine_de_l%27%C3%89toile-Le_Jardinier_du_mont_des_oliviers-20110827.jpg
  [6318] 'Kalix Löjrom' -> https://upload.wikimedia.org/wikipedia/commons/thumb/b/b5/Caviar_of_Kalix.jpg/500px-Caviar_of_Kalix.jpg
  [6319] 'Edam Holland' -> https://upload.wikimedia.org/wikipedia/commons/thumb/d/da/Doopplechtigheden%2C_vliegtuigen%2C_personeel%2C_klederdrachten%2C_luchtvaart%2C_Edam%2C_Gro%2C_Bestanddeelnr_049-0895.jpg/500px-Doopplechtigheden%2C_vliegtuigen%2C_personeel%2C_klederdrachten%2C_luchtvaart%2C_Edam%2C_Gro%2C_Bestanddeelnr_049-0895.jpg
  [6320] 'Gouda Holland' -> https://upload.wikimedia.org/wikipedia/commons/thumb/c/cf/Gouda_vanuit_de_lucht.jpg/500px-Gouda_vanuit_de_lucht.jpg
  [6321] 'Piacentinu Ennese' -> https://upload.wikimedia.org/wikipedia/commons/thumb/4/40/Tranche_de_Piacentinu_ennese.jpg/500px-Tranche_de_Piacentinu_ennese.jpg
  [6323] 'Zázrivský korbáčik' -> https://upload.wikimedia.org/wikipedia/commons/thumb/4/4e/%C3%9Aden%C3%BD_korb%C3%A1%C4%8Dik_%28Slovakia%29.jpg/500px-%C3%9Aden%C3%BD_korb%C3%A1%C4%8Dik_%28Slovakia%29.jpg
  [commons.wikimedia.org] 429 intento 1, esperando 14s ...
  [6329] 'Nieheimer Käse' -> https://upload.wikimedia.org/wikipedia/commons/thumb/2/2b/Nieheimer_Schnittk%C3%A4se_Mini_Tomate-Moz_%285%29.jpg/500px-Nieheimer_Schnittk%C3%A4se_Mini_Tomate-Moz_%285%29.jpg
  [6330] 'Canestrato di Moliterno' -> https://upload.wikimedia.org/wikipedia/commons/thumb/e/e3/Canestrato_di_Moliterno_%28IGP%29.jpg/500px-Canestrato_di_Moliterno_%28IGP%29.jpg
  [6331] 'Olomoucké tvarůžky' -> https://upload.wikimedia.org/wikipedia/commons/thumb/b/b1/Olomouck%C3%A9_tvar%C5%AF%C5%BEky_%281%29.jpg/500px-Olomouck%C3%A9_tvar%C5%AF%C5%BEky_%281%29.jpg
  [6332] 'Queso de Flor de Guía' -> https://upload.wikimedia.org/wikipedia/commons/thumb/4/48/Queso_de_flor.jpg/500px-Queso_de_flor.jpg
  [6333] 'Hessischer Handkäse' -> https://upload.wikimedia.org/wikipedia/commons/thumb/e/e3/Handk%C3%A4se_mit_Musik_004ok.jpg/500px-Handk%C3%A4se_mit_Musik_004ok.jpg
  [6334] 'Mogette de Vendée' -> https://upload.wikimedia.org/wikipedia/commons/thumb/8/88/Mogettes_de_Vend%C3%A9e.jpg/500px-Mogettes_de_Vend%C3%A9e.jpg
  [6335] "Ail fumé d'Arleux" -> https://upload.wikimedia.org/wikipedia/commons/thumb/0/0f/Ail_fum%C3%A9_d%27Arleux_IGP.jpg/500px-Ail_fum%C3%A9_d%27Arleux_IGP.jpg
  [commons.wikimedia.org] 429 intento 1, esperando 39s ...
  [6336] 'Squacquerone di Romagna' -> https://upload.wikimedia.org/wikipedia/commons/thumb/6/68/Squacquerone_Romagnolo_1.jpg/500px-Squacquerone_Romagnolo_1.jpg
  [6337] 'Ser koryciński swojski' -> https://upload.wikimedia.org/wikipedia/commons/thumb/d/d2/Korycinski_ser%2C_2014_Poznan_Smaki_Regionow.jpg/500px-Korycinski_ser%2C_2014_Poznan_Smaki_Regionow.jpg
  [6338] 'Bovški sir' -> https://upload.wikimedia.org/wikipedia/commons/thumb/2/27/Slovenske_avtohtone_pasme-_BOV%C5%A0KA_OVCA.webm/500px--Slovenske_avtohtone_pasme-_BOV%C5%A0KA_OVCA.webm.jpg
  [6339] "Swaledale ewes' cheese" -> https://upload.wikimedia.org/wikipedia/commons/thumb/4/4b/Swaledale_Cheese_cowsmilk.jpg/500px-Swaledale_Cheese_cowsmilk.jpg
  [6341] 'Queso Camerano' -> https://upload.wikimedia.org/wikipedia/commons/thumb/b/b0/Queso_camerano_-_IMG_20240601_220823.png/500px-Queso_camerano_-_IMG_20240601_220823.png
  [6342] 'Rigotte de Condrieu' -> https://upload.wikimedia.org/wikipedia/commons/thumb/7/76/Rigottes_de_Condrieu_-_fromage_AOC.JPG/500px-Rigottes_de_Condrieu_-_fromage_AOC.JPG
  [6343] 'Charolais' -> https://upload.wikimedia.org/wikipedia/commons/thumb/d/db/Taureau_charolais_au_pr%C3%A9.jpg/500px-Taureau_charolais_au_pr%C3%A9.jpg
  [6344] 'Aceituna de Mallorca' -> https://upload.wikimedia.org/wikipedia/commons/thumb/c/ca/La_Sociedad_arqueol%C3%B3gica_Luliana_de_Mallorca_%C3%A1_Jovellanos_%28IA_lasociedadarqueo00jove%29.pdf/page1-500px-La_Sociedad_arqueol%C3%B3gica_Luliana_de_Mallorca_%C3%A1_Jovellanos_%28IA_lasociedadarqueo00jove%29.pdf.jpg
  [commons.wikimedia.org] 429 intento 1, esperando 39s ...
  [6348] 'Saint-Marcellin' -> https://upload.wikimedia.org/wikipedia/commons/thumb/1/1b/Wikicheese_-_Saint-marcellin_-_20150417_-_010.jpg/500px-Wikicheese_-_Saint-marcellin_-_20150417_-_010.jpg
  [6349] 'Holsteiner Tilsiter' -> https://upload.wikimedia.org/wikipedia/commons/thumb/1/11/Tilsiter.jpg/500px-Tilsiter.jpg
  [6350] 'Yorkshire Wensleydale' -> https://upload.wikimedia.org/wikipedia/commons/thumb/0/08/Wensleydale_cheese_2.jpg/500px-Wensleydale_cheese_2.jpg
  [6354] 'Traditional Welsh Caerphilly' -> https://upload.wikimedia.org/wikipedia/commons/thumb/a/a7/Caerphilly_cheese.jpg/500px-Caerphilly_cheese.jpg
  [commons.wikimedia.org] 429 intento 1, esperando 40s ...
  [6355] 'Traditional Ayrshire Dunlop' -> https://upload.wikimedia.org/wikipedia/commons/thumb/4/42/Arch%C3%A6ological_and_historical_collections_relating_to_Ayrshire_%26amp%2C_Galloway_%28IA_cu31924092901580%29.pdf/page1-500px-Arch%C3%A6ological_and_historical_collections_relating_to_Ayrshire_%26amp%2C_Galloway_%28IA_cu31924092901580%29.pdf.jpg
  [6357] 'Glückstädter Matjes' -> https://upload.wikimedia.org/wikipedia/commons/thumb/7/77/Gl%C3%BCckstadter_Matjes_am_Hafenkreisel.jpg/500px-Gl%C3%BCckstadter_Matjes_am_Hafenkreisel.jpg
  [6359] 'Brillat-Savarin' -> https://upload.wikimedia.org/wikipedia/commons/thumb/c/c9/Jean_Anthelme_Brillat-Savarin.jpg/500px-Jean_Anthelme_Brillat-Savarin.jpg
  [6360] 'Raclette de Savoie' -> https://upload.wikimedia.org/wikipedia/commons/thumb/4/41/Plateau_de_fromages_de_Savoie_et_cloche_de_Tarine_%28Chamb%C3%A9ry_2017%29.JPG/500px-Plateau_de_fromages_de_Savoie_et_cloche_de_Tarine_%28Chamb%C3%A9ry_2017%29.JPG
  [6361] 'Ossolano' -> https://upload.wikimedia.org/wikipedia/commons/thumb/b/b8/Ossolano_chunk.jpg/500px-Ossolano_chunk.jpg
  [6362] 'London Cure Smoked Salmon' -> https://upload.wikimedia.org/wikipedia/commons/thumb/5/58/London_-_The_Faith_of_Men%2C_and_Other_Stories%2C_1904.djvu/page1-500px-London_-_The_Faith_of_Men%2C_and_Other_Stories%2C_1904.djvu.jpg
  [6364] 'Burrata di Andria' -> https://upload.wikimedia.org/wikipedia/commons/thumb/e/e1/Burrata_di_Andria_IGP_1.jpg/500px-Burrata_di_Andria_IGP_1.jpg
  [commons.wikimedia.org] 429 intento 1, esperando 38s ...
  [6366] 'Soumaintrain' -> https://upload.wikimedia.org/wikipedia/commons/thumb/0/0c/Soumaintrain.jpg/500px-Soumaintrain.jpg
  [6367] 'Telemea de Ibăneşti' -> https://upload.wikimedia.org/wikipedia/commons/2/29/Telemea.jpg
  [6368] 'Frankfurter Grüne Soße' -> https://upload.wikimedia.org/wikipedia/commons/thumb/c/c6/Frankfurter_Gr%C3%BCne_So%C3%9Fe.jpg/500px-Frankfurter_Gr%C3%BCne_So%C3%9Fe.jpg
  [6369] 'Morcilla de Burgos' -> https://upload.wikimedia.org/wikipedia/commons/thumb/6/67/Morcilla_de_Burgos_-_2009.jpg/500px-Morcilla_de_Burgos_-_2009.jpg
  [6371] 'Bjelovarski kvargl' -> https://upload.wikimedia.org/wikipedia/commons/thumb/3/3e/Bjelovarski_kvargl.JPG/500px-Bjelovarski_kvargl.JPG
  [6372] 'Džiugas' -> https://upload.wikimedia.org/wikipedia/commons/thumb/e/ef/S%C5%ABrisD%C5%BEiugas.JPG/500px-S%C5%ABrisD%C5%BEiugas.JPG
  [commons.wikimedia.org] 429 intento 1, esperando 39s ...
  [6376] 'Brousse du Rove' -> https://upload.wikimedia.org/wikipedia/commons/thumb/7/7a/Rove_fromages.JPG/500px-Rove_fromages.JPG
  [6378] 'Liptovské droby' -> https://upload.wikimedia.org/wikipedia/commons/thumb/d/d7/Liptovsk%C3%A9_droby.jpg/500px-Liptovsk%C3%A9_droby.jpg
  [6384] 'Lajta sajt' -> https://upload.wikimedia.org/wikipedia/commons/thumb/e/e8/Lajta_B%C3%A9la_s%C3%ADrja.jpg/500px-Lajta_B%C3%A9la_s%C3%ADrja.jpg
  [commons.wikimedia.org] 429 intento 1, esperando 40s ...
  [6386] 'Tome fraîche de l’Aubrac' -> https://upload.wikimedia.org/wikipedia/commons/thumb/6/60/Tome_fra%C3%AEche.jpg/500px-Tome_fra%C3%AEche.jpg
  [6388] 'Ezine Peyniri' -> https://upload.wikimedia.org/wikipedia/commons/thumb/f/ff/Ezine_peyniri.jpg/500px-Ezine_peyniri.jpg
  [6389] 'Formatge Garrotxa' -> https://upload.wikimedia.org/wikipedia/commons/thumb/4/45/Formatge_Garrotxa_%282435282542%29.jpg/500px-Formatge_Garrotxa_%282435282542%29.jpg
  [6391] 'Chistorra de Navarra' -> https://upload.wikimedia.org/wikipedia/commons/thumb/c/ca/Chistorra_-_Raci%C3%B3n.JPG/500px-Chistorra_-_Raci%C3%B3n.JPG
  [6394] 'Livanjski sir' -> https://upload.wikimedia.org/wikipedia/commons/thumb/6/6f/Livanjski_Cheese_with_label.JPG/500px-Livanjski_Cheese_with_label.JPG
  [commons.wikimedia.org] 429 intento 1, esperando 39s ...
  [6395] 'Pérail' -> https://upload.wikimedia.org/wikipedia/commons/thumb/b/bf/P%C3%A9rail.jpg/500px-P%C3%A9rail.jpg
  [6401] 'Istarski ovčji sir' -> https://upload.wikimedia.org/wikipedia/commons/thumb/b/b5/Ovcji_sir_Krk_22102012_2_roberta_f.jpg/500px-Ovcji_sir_Krk_22102012_2_roberta_f.jpg
  [6403] 'Mothais sur feuille' -> https://upload.wikimedia.org/wikipedia/commons/thumb/0/09/WikiCheese_-_Mothais_sur_feuille_01.jpg/500px-WikiCheese_-_Mothais_sur_feuille_01.jpg
  [commons.wikimedia.org] 429 intento 1, esperando 39s ...
  [6416] 'Manufacture of Cheddar cheese' -> https://upload.wikimedia.org/wikipedia/commons/thumb/b/be/Manufacture_of_cheese_of_the_cheddar_type_from_pasteurized_milk_%28IA_manche00usde%29.pdf/page1-500px-Manufacture_of_cheese_of_the_cheddar_type_from_pasteurized_milk_%28IA_manche00usde%29.pdf.jpg
  [commons.wikimedia.org] 429 intento 1, esperando 45s ...
  [6419] 'Abbaye de Timadeuc Cheese' -> https://upload.wikimedia.org/wikipedia/commons/thumb/c/ce/Fromages_de_Timadeuc.jpg/500px-Fromages_de_Timadeuc.jpg
  [6427] 'mimolette extra vieille' -> https://upload.wikimedia.org/wikipedia/commons/thumb/6/65/WikiCheese_-_Mimolette_extra_vieille_01.jpg/500px-WikiCheese_-_Mimolette_extra_vieille_01.jpg
  [6429] 'Faixa Azul' -> https://upload.wikimedia.org/wikipedia/commons/9/99/Faixa_verde_ponta_azul.jpg
  [6430] 'Lighvan Cheese' -> https://upload.wikimedia.org/wikipedia/commons/thumb/d/dd/Lighvan_cheese_3.jpg/500px-Lighvan_cheese_3.jpg
  [6431] 'Ricotta affumicata' -> https://upload.wikimedia.org/wikipedia/commons/thumb/b/ba/Affumicatura_della_Ricotta.jpg/500px-Affumicatura_della_Ricotta.jpg
  [commons.wikimedia.org] 429 intento 1, esperando 45s ...
  [6438] 'Parrano' -> https://upload.wikimedia.org/wikipedia/commons/thumb/a/ac/Parrano.jpg/500px-Parrano.jpg
  [commons.wikimedia.org] 429 intento 1, esperando 48s ...
  [6448] 'Frico' -> https://upload.wikimedia.org/wikipedia/commons/thumb/4/45/Frico.jpg/500px-Frico.jpg
  [6450] 'Pule' -> https://upload.wikimedia.org/wikipedia/commons/thumb/f/f1/Pule_District_Office%2C_Trenggalek_-_panoramio.jpg/500px-Pule_District_Office%2C_Trenggalek_-_panoramio.jpg
  [6452] 'Tartare' -> https://upload.wikimedia.org/wikipedia/commons/thumb/8/8a/Tuna_Tartare_%283897330416%29.jpg/500px-Tuna_Tartare_%283897330416%29.jpg
  [6453] 'Artes culinarias/Ingredientes/Queso' -> https://upload.wikimedia.org/wikipedia/commons/thumb/3/38/The_alumn%C3%A6_cookbook._Well-tested_recipes_for_table_dainties_%28IA_alumncookbookw00ster%29.pdf/page1-500px-The_alumn%C3%A6_cookbook._Well-tested_recipes_for_table_dainties_%28IA_alumncookbookw00ster%29.pdf.jpg
  [commons.wikimedia.org] 429 intento 1, esperando 43s ...
  [6460] 'Engelszell' -> https://upload.wikimedia.org/wikipedia/commons/thumb/6/61/Stiftskirche_Engelszell.jpg/500px-Stiftskirche_Engelszell.jpg
  [6464] 'Flandrien' -> https://upload.wikimedia.org/wikipedia/commons/thumb/6/60/Flandrien_jong.JPG/500px-Flandrien_jong.JPG
  [6471] 'Caciotta' -> https://upload.wikimedia.org/wikipedia/commons/thumb/4/49/Caciotta_marchigiana_2.jpg/500px-Caciotta_marchigiana_2.jpg
  [6472] 'Caciocavallo Silano DOP' -> https://upload.wikimedia.org/wikipedia/commons/thumb/3/38/Natura_morta_autunnale_con_caciocavallo.jpg/500px-Natura_morta_autunnale_con_caciocavallo.jpg
  [commons.wikimedia.org] 429 intento 1, esperando 43s ...
  [6480] 'Alfred le Fermier' -> https://upload.wikimedia.org/wikipedia/commons/thumb/4/49/Masson_-_Alfred_de_Vigny%2C_1908.djvu/page1-500px-Masson_-_Alfred_de_Vigny%2C_1908.djvu.jpg
  [6481] 'Banbury cheese' -> https://upload.wikimedia.org/wikipedia/commons/thumb/c/c5/Isle_of_Mull_cheddar_cheese.jpg/500px-Isle_of_Mull_cheddar_cheese.jpg
  [6488] 'Casse-Croûte' -> https://upload.wikimedia.org/wikipedia/commons/thumb/9/9a/Pierre_Savigny_de_Belay_Le_casse-cro%C3%BBte_en_Bretagne_1933.jpg/500px-Pierre_Savigny_de_Belay_Le_casse-cro%C3%BBte_en_Bretagne_1933.jpg
  [www.wikidata.org] 429 intento 1, esperando 47s ...
  [6497] 'Petit Quercy' -> https://upload.wikimedia.org/wikipedia/commons/thumb/4/41/Petit_Bottin_des_lettres_et_des_arts%2C_1886.djvu/page1-500px-Petit_Bottin_des_lettres_et_des_arts%2C_1886.djvu.jpg
  [6513] 'Rollot' -> https://upload.wikimedia.org/wikipedia/commons/thumb/6/6c/Blason_Rollot.svg/500px-Blason_Rollot.svg.png
  [commons.wikimedia.org] 429 intento 1, esperando 47s ...
  [6536] 'Royal Hollandia' -> https://upload.wikimedia.org/wikipedia/commons/thumb/1/16/%27t_Ooster_deel_van_Oost_Indien%2C_streckende_van_Ceylon_tot_Japan_en_Hollandia_Nova._RMG_F8123.tiff/lossy-page1-500px-%27t_Ooster_deel_van_Oost_Indien%2C_streckende_van_Ceylon_tot_Japan_en_Hollandia_Nova._RMG_F8123.tiff.jpg
  [6537] 'Holland Master' -> https://upload.wikimedia.org/wikipedia/commons/thumb/5/56/Narcissus_%27Dutch_Master%27.JPG/500px-Narcissus_%27Dutch_Master%27.JPG
  [6538] 'Mutschli' -> https://upload.wikimedia.org/wikipedia/commons/thumb/5/5c/Mutschli_de_Lurtigen_au_poivre1.JPG/500px-Mutschli_de_Lurtigen_au_poivre1.JPG
  [commons.wikimedia.org] 429 intento 1, esperando 45s ...
  [commons.wikimedia.org] 429 intento 1, esperando 49s ...
  [6559] 'Gran Moravia' -> https://upload.wikimedia.org/wikipedia/commons/thumb/3/37/Core_of_Great_Moravia.jpg/500px-Core_of_Great_Moravia.jpg
  [www.wikidata.org] 429 intento 1, esperando 49s ...
  [6564] 'Castellano' -> https://upload.wikimedia.org/wikipedia/commons/thumb/e/ee/Torrente_Castellano_%28ansa_della_Cartiera%29.jpg/500px-Torrente_Castellano_%28ansa_della_Cartiera%29.jpg
  [6565] 'Queso argentino' -> https://upload.wikimedia.org/wikipedia/commons/thumb/c/c1/Queso_menonita_Guatrach%C3%A9.JPG/500px-Queso_menonita_Guatrach%C3%A9.JPG
  [www.wikidata.org] 429 intento 1, esperando 48s ...
  [6572] 'Maigre du Nord' -> https://upload.wikimedia.org/wikipedia/commons/thumb/b/b0/La_Savoie_du_nord%2C_3_mars_1860.djvu/page1-500px-La_Savoie_du_nord%2C_3_mars_1860.djvu.jpg
  [6573] 'plattekaas' -> https://upload.wikimedia.org/wikipedia/commons/thumb/d/d6/Plattekaas_2.jpg/500px-Plattekaas_2.jpg
  [6577] 'Moliterno' -> https://upload.wikimedia.org/wikipedia/commons/thumb/b/bf/%22Moliterno%22_%2822264809052%29.jpg/500px-%22Moliterno%22_%2822264809052%29.jpg
  [6579] 'Castelões' -> https://upload.wikimedia.org/wikipedia/commons/thumb/3/3a/Casa_de_Santiago_%28Castel%C3%B5es%29.jpg/500px-Casa_de_Santiago_%28Castel%C3%B5es%29.jpg
  [6580] 'Uniekaas' -> https://upload.wikimedia.org/wikipedia/commons/thumb/d/dd/Schaatswedstrijden_om_de_Uniekaas_Trofee_in_Alkmaar._Kay_Arne_Stenshjemmet_in_ac%2C_Bestanddeelnr_930-1363.jpg/500px-Schaatswedstrijden_om_de_Uniekaas_Trofee_in_Alkmaar._Kay_Arne_Stenshjemmet_in_ac%2C_Bestanddeelnr_930-1363.jpg
  [commons.wikimedia.org] 429 intento 1, esperando 45s ...
  [6583] 'Salva Cremasco DOP' -> https://upload.wikimedia.org/wikipedia/commons/b/ba/Victor_Salva.jpg
  [6584] 'Provolone Valpadana DOP' -> https://upload.wikimedia.org/wikipedia/commons/thumb/3/34/Provolone_Dolce.jpg/500px-Provolone_Dolce.jpg
  [www.wikidata.org] 429 intento 1, esperando 44s ...
  [6586] 'Pecorino Siciliano DOP' -> https://upload.wikimedia.org/wikipedia/commons/thumb/c/c4/Pecorino_siciliano_DOP_2.jpg/500px-Pecorino_siciliano_DOP_2.jpg
  [www.wikidata.org] 429 intento 1, esperando 46s ...
  [6590] 'Parmigiano Reggiano DOP' -> https://upload.wikimedia.org/wikipedia/commons/thumb/5/5b/Parmigiano_reggiano_piece.jpg/500px-Parmigiano_reggiano_piece.jpg
  [6591] 'Montasio DOP' -> https://upload.wikimedia.org/wikipedia/commons/thumb/1/1c/Montasio_kaasbrokkels.JPG/500px-Montasio_kaasbrokkels.JPG
  [6592] 'Gorgonzola DOP' -> https://upload.wikimedia.org/wikipedia/commons/thumb/d/de/Gorgonzola_1.jpg/500px-Gorgonzola_1.jpg
  [commons.wikimedia.org] 429 intento 1, esperando 46s ...
  [6595] 'Burrata di Andria IGP' -> https://upload.wikimedia.org/wikipedia/commons/thumb/e/e1/Burrata_di_Andria_IGP_1.jpg/500px-Burrata_di_Andria_IGP_1.jpg
  [www.wikidata.org] 429 intento 1, esperando 48s ...
  [6601] 'hay cheese' -> https://upload.wikimedia.org/wikipedia/commons/thumb/1/1e/The_Town_Hall%2C_Hay-on-Wye_-_geograph.org.uk_-_3026669.jpg/500px-The_Town_Hall%2C_Hay-on-Wye_-_geograph.org.uk_-_3026669.jpg
  [6605] 'Wyfe of Bath' -> https://upload.wikimedia.org/wikipedia/commons/thumb/1/13/A_treatise_of_warm_Bath_water_and_of_cures_made_lately_at_Bath_..._plainly_proving_that_it_is_more_probable_to_cure_diseases_by_drinking_warm_mineral_waters_and_bathing_in_them_%28IA_b30409019%29.pdf/page1-500px-thumbnail.pdf.jpg
  [commons.wikimedia.org] 429 intento 1, esperando 47s ...
  [6608] 'Séras PAT' -> https://upload.wikimedia.org/wikipedia/commons/thumb/0/0c/Tjerita_Njonja_Lim_Pat_Nio_Bagian_1.pdf/page1-500px-Tjerita_Njonja_Lim_Pat_Nio_Bagian_1.pdf.jpg
  [www.wikidata.org] 429 intento 1, esperando 48s ...
  [www.wikidata.org] 429 intento 1, esperando 50s ...
  [www.wikidata.org] 429 intento 1, esperando 51s ...
  [www.wikidata.org] 429 intento 1, esperando 49s ...
  [www.wikidata.org] 429 intento 1, esperando 50s ...
  [6634] 'Toma PAT' -> https://upload.wikimedia.org/wikipedia/commons/thumb/7/7a/Pat_Mora_Texas_Center_for_the_Book_11.jpg/500px-Pat_Mora_Texas_Center_for_the_Book_11.jpg
  [commons.wikimedia.org] 429 intento 1, esperando 49s ...
  [commons.wikimedia.org] 429 intento 1, esperando 49s ...
  [commons.wikimedia.org] 429 intento 1, esperando 48s ...
  [commons.wikimedia.org] 429 intento 1, esperando 47s ...
  [6653] 'Burrell’ PAT' -> https://upload.wikimedia.org/wikipedia/commons/9/9f/Baseball_pat_burrell_2004.jpg
  [www.wikidata.org] 429 intento 1, esperando 49s ...
  [www.wikidata.org] 429 intento 1, esperando 50s ...
  [6668] 'Caprino PAT' -> https://upload.wikimedia.org/wikipedia/commons/thumb/0/03/Adriani_Spigelii_Bruxellensis_equitis_D._Marci_%26_in_gym._Pat._anat._%26_chirurgiae_professoris_primarii_de_formato_foetu_liber_singularis_%28IA_2417033R.nlm.nih.gov%29.pdf/page1-500px-thumbnail.pdf.jpg
  [commons.wikimedia.org] 429 intento 1, esperando 49s ...
  [commons.wikimedia.org] 429 intento 1, esperando 50s ...
  [commons.wikimedia.org] 429 intento 1, esperando 50s ...
  [commons.wikimedia.org] 429 intento 1, esperando 48s ...
  [6684] 'Hartkäse Alta Badia PAT' -> https://upload.wikimedia.org/wikipedia/commons/thumb/7/71/Formaggio_Alta_Badia.jpg/500px-Formaggio_Alta_Badia.jpg
  [6686] 'Hochpustertaler PAT' -> https://upload.wikimedia.org/wikipedia/commons/a/a2/Hochpustertaler_-_formaggio_alta_Pusteria.jpg
  [commons.wikimedia.org] 429 intento 1, esperando 48s ...
  [commons.wikimedia.org] 429 intento 1, esperando 50s ...
  [commons.wikimedia.org] 429 intento 1, esperando 49s ...
  [commons.wikimedia.org] 429 intento 1, esperando 50s ...
  [6706] 'Caciocavallo PAT' -> https://upload.wikimedia.org/wikipedia/commons/thumb/9/90/Caciocavallo_di_Castelfranco_-_taglio.jpg/500px-Caciocavallo_di_Castelfranco_-_taglio.jpg
  [www.wikidata.org] 429 intento 1, esperando 49s ...
  [www.wikidata.org] 429 intento 1, esperando 50s ...
  [www.wikidata.org] ConnectError intento 2, esperando 10s ...
  [www.wikidata.org] 429 intento 1, esperando 12s ...
  [www.wikidata.org] 429 intento 1, esperando 50s ...
  [www.wikidata.org] 429 intento 1, esperando 49s ...
  [www.wikidata.org] 429 intento 1, esperando 50s ...
  [www.wikidata.org] 429 intento 1, esperando 50s ...
  [www.wikidata.org] 429 intento 1, esperando 49s ...
  [www.wikidata.org] 429 intento 1, esperando 50s ...
  [www.wikidata.org] 429 intento 1, esperando 50s ...
  [www.wikidata.org] 429 intento 1, esperando 50s ...
  [www.wikidata.org] 429 intento 1, esperando 51s ...
  [6768] 'Montagna PAT' -> https://upload.wikimedia.org/wikipedia/commons/thumb/d/d1/Il_vecchio_della_montagna_-_tragedia_lirica_in_quattro_giornate_%28IA_ilvecchiodellamo00guid_0%29.pdf/page1-500px-Il_vecchio_della_montagna_-_tragedia_lirica_in_quattro_giornate_%28IA_ilvecchiodellamo00guid_0%29.pdf.jpg
  [commons.wikimedia.org] 429 intento 1, esperando 48s ...
  [6773] 'Tre valli PAT' -> https://upload.wikimedia.org/wikipedia/commons/thumb/b/b0/Antonio_Cagnoni_-_Amori_e_trappole_-_melodramma_giocoso_in_tre_atti_-_libretto_%28IA_amorietrappoleme00roma%29.pdf/page1-500px-Antonio_Cagnoni_-_Amori_e_trappole_-_melodramma_giocoso_in_tre_atti_-_libretto_%28IA_amorietrappoleme00roma%29.pdf.jpg
  [www.wikidata.org] 429 intento 1, esperando 48s ...
  [www.wikidata.org] 429 intento 1, esperando 50s ...
  [6784] 'Vaccino PAT' -> https://upload.wikimedia.org/wikipedia/commons/thumb/0/03/Adriani_Spigelii_Bruxellensis_equitis_D._Marci_%26_in_gym._Pat._anat._%26_chirurgiae_professoris_primarii_de_formato_foetu_liber_singularis_%28IA_2417033R.nlm.nih.gov%29.pdf/page1-500px-thumbnail.pdf.jpg
  [commons.wikimedia.org] 429 intento 1, esperando 48s ...
  [commons.wikimedia.org] 429 intento 1, esperando 48s ...
  [commons.wikimedia.org] 429 intento 1, esperando 49s ...
  [commons.wikimedia.org] 429 intento 1, esperando 49s ...
  [commons.wikimedia.org] 429 intento 1, esperando 49s ...
  [commons.wikimedia.org] 429 intento 1, esperando 50s ...
  [commons.wikimedia.org] 429 intento 1, esperando 45s ...
  [commons.wikimedia.org] 429 intento 1, esperando 50s ...
  [commons.wikimedia.org] 429 intento 1, esperando 49s ...
  [commons.wikimedia.org] 429 intento 1, esperando 50s ...
  [commons.wikimedia.org] 429 intento 1, esperando 50s ...
  [commons.wikimedia.org] 429 intento 1, esperando 49s ...
  [commons.wikimedia.org] 429 intento 1, esperando 50s ...
  [commons.wikimedia.org] 429 intento 1, esperando 49s ...
  [commons.wikimedia.org] 429 intento 1, esperando 50s ...
  [commons.wikimedia.org] 429 intento 1, esperando 50s ...
  [commons.wikimedia.org] 429 intento 1, esperando 49s ...
  [commons.wikimedia.org] 429 intento 1, esperando 50s ...
  [commons.wikimedia.org] 429 intento 1, esperando 49s ...
  [commons.wikimedia.org] 429 intento 1, esperando 50s ...
  [commons.wikimedia.org] 429 intento 1, esperando 49s ...
  [commons.wikimedia.org] 429 intento 1, esperando 49s ...
  [6893] 'Monte Re PAT' -> https://upload.wikimedia.org/wikipedia/commons/thumb/3/3e/Dumas_-_Le_Comte_de_Monte-Cristo._1%2C_1889.djvu/page1-500px-Dumas_-_Le_Comte_de_Monte-Cristo._1%2C_1889.djvu.jpg
  [www.wikidata.org] 429 intento 1, esperando 47s ...
  [6898] 'Formaggetta della Val Graveglia PAT' -> https://upload.wikimedia.org/wikipedia/commons/thumb/d/d9/Val_di_Vara-IMG_0147.JPG/500px-Val_di_Vara-IMG_0147.JPG
  [6899] 'Casu frazigu PAT' -> https://upload.wikimedia.org/wikipedia/commons/thumb/3/36/Casu_Marzu_cheese.jpg/500px-Casu_Marzu_cheese.jpg
  [www.wikidata.org] 429 intento 1, esperando 48s ...
  [www.wikidata.org] 429 intento 1, esperando 50s ...
  [www.wikidata.org] 429 intento 1, esperando 50s ...
  [www.wikidata.org] 429 intento 1, esperando 50s ...
  [www.wikidata.org] 429 intento 1, esperando 50s ...
  [www.wikidata.org] 429 intento 1, esperando 50s ...
  [6932] 'Manteca PAT' -> https://upload.wikimedia.org/wikipedia/commons/thumb/2/29/Manteca_a_met%C3%A0_2.jpeg/500px-Manteca_a_met%C3%A0_2.jpeg
  [commons.wikimedia.org] 429 intento 1, esperando 49s ...
  [commons.wikimedia.org] 429 intento 1, esperando 49s ...
  [commons.wikimedia.org] 429 intento 1, esperando 50s ...
  [commons.wikimedia.org] 429 intento 1, esperando 49s ...
  [commons.wikimedia.org] 429 intento 1, esperando 50s ...
  [commons.wikimedia.org] 429 intento 1, esperando 49s ...
  [commons.wikimedia.org] 429 intento 1, esperando 50s ...
  [6967] 'Pecorino del Parco di Migliarino PAT' -> https://upload.wikimedia.org/wikipedia/commons/thumb/a/ab/Parco_di_San_Rossore_-_panoramio.jpg/500px-Parco_di_San_Rossore_-_panoramio.jpg
  [www.wikidata.org] 429 intento 1, esperando 49s ...
  [www.wikidata.org] 429 intento 1, esperando 48s ...
  [www.wikidata.org] 429 intento 1, esperando 50s ...
  [www.wikidata.org] 429 intento 1, esperando 50s ...
  [commons.wikimedia.org] 429 intento 1, esperando 45s ...
  [6992] 'Formaggio di capra PAT' -> https://upload.wikimedia.org/wikipedia/commons/thumb/4/48/Algunder_Ziegenk%C3%A4se_-_Formaggio_di_capra_di_Lagundo.jpg/500px-Algunder_Ziegenk%C3%A4se_-_Formaggio_di_capra_di_Lagundo.jpg
  [www.wikidata.org] 429 intento 1, esperando 49s ...
  [www.wikidata.org] 429 intento 1, esperando 50s ...
  [www.wikidata.org] 429 intento 1, esperando 49s ...
  [www.wikidata.org] 429 intento 1, esperando 50s ...
  [www.wikidata.org] 429 intento 1, esperando 50s ...
  [7020] 'Caprino vaccino PAT' -> https://upload.wikimedia.org/wikipedia/commons/thumb/0/03/Adriani_Spigelii_Bruxellensis_equitis_D._Marci_%26_in_gym._Pat._anat._%26_chirurgiae_professoris_primarii_de_formato_foetu_liber_singularis_%28IA_2417033R.nlm.nih.gov%29.pdf/page1-500px-thumbnail.pdf.jpg
  [commons.wikimedia.org] 429 intento 1, esperando 49s ...
  [7024] 'Fontal PAT' -> https://upload.wikimedia.org/wikipedia/commons/thumb/6/6b/Pat_Buchanan_presidential_campaign%2C_2000.png/500px-Pat_Buchanan_presidential_campaign%2C_2000.png
  [www.wikidata.org] 429 intento 1, esperando 48s ...
  [commons.wikimedia.org] 429 intento 1, esperando 44s ...
  [commons.wikimedia.org] 429 intento 1, esperando 50s ...
  [commons.wikimedia.org] 429 intento 1, esperando 49s ...
  [7044] 'Italico PAT' -> https://upload.wikimedia.org/wikipedia/commons/thumb/0/09/Saggio_medico-politico_sulla_pellagra%2C_o_scorbuto_italico_%28IA_b22036908%29.pdf/page1-500px-Saggio_medico-politico_sulla_pellagra%2C_o_scorbuto_italico_%28IA_b22036908%29.pdf.jpg
  [7047] 'Magro PAT' -> https://upload.wikimedia.org/wikipedia/commons/thumb/1/12/Aschbach_magro.jpg/500px-Aschbach_magro.jpg
  [commons.wikimedia.org] 429 intento 1, esperando 48s ...
  [commons.wikimedia.org] 429 intento 1, esperando 49s ...
  [commons.wikimedia.org] 429 intento 1, esperando 48s ...
  [commons.wikimedia.org] 429 intento 1, esperando 50s ...
  [commons.wikimedia.org] 429 intento 1, esperando 49s ...
  [commons.wikimedia.org] 429 intento 1, esperando 49s ...
  [7073] 'Keller Geister' -> https://upload.wikimedia.org/wikipedia/commons/thumb/1/15/Liebigbilder_1911%2C_Serie_791._Berlioz_-_Faust%27s_Verdammung_-_2_Faust%27s_Traum._Mephisto._%C2%BBLausche%2C_wie_die_Geister_wiegen_in_Schlaf_sanft_dich_ein.%C2%AB.jpg/500px-Liebigbilder_1911%2C_Serie_791._Berlioz_-_Faust%27s_Verdammung_-_2_Faust%27s_Traum._Mephisto._%C2%BBLausche%2C_wie_die_Geister_wiegen_in_Schlaf_sanft_dich_ein.%C2%AB.jpg
  [7077] 'Phú Quốc fish sauce' -> https://upload.wikimedia.org/wikipedia/commons/thumb/a/a6/Fish_sauce_factory%2C_Phu_Quoc.jpg/500px-Fish_sauce_factory%2C_Phu_Quoc.jpg
  [www.wikidata.org] 429 intento 1, esperando 42s ...
  [7087] 'Moët Impérial' -> https://upload.wikimedia.org/wikipedia/commons/thumb/5/52/Mucha-Mo%C3%ABt_%26_Chandon_Cr%C3%A9mant_Imp%C3%A9rial-1899.jpg/500px-Mucha-Mo%C3%ABt_%26_Chandon_Cr%C3%A9mant_Imp%C3%A9rial-1899.jpg
  [7106] 'Barolo chinato' -> https://upload.wikimedia.org/wikipedia/commons/thumb/7/79/Barolo_1958.jpg/500px-Barolo_1958.jpg
  [www.wikidata.org] 429 intento 1, esperando 46s ...
  [7216] 'Uhudler' -> https://upload.wikimedia.org/wikipedia/commons/thumb/0/02/Weintraube_Uhudler.jpg/500px-Weintraube_Uhudler.jpg
  [7243] "Montepulciano d'Abruzzo Colline Teramane DOCG" -> https://upload.wikimedia.org/wikipedia/commons/thumb/3/3b/Montepulciano_d_Abruzzo_bruschetta.jpg/500px-Montepulciano_d_Abruzzo_bruschetta.jpg
  [7261] 'vino frizzante' -> https://upload.wikimedia.org/wikipedia/commons/thumb/f/f5/Lambrusco_Reggiano_DOC_Rosso_Dolce_Vino_Frizzante_Medici_%288130774783%29.jpg/500px-Lambrusco_Reggiano_DOC_Rosso_Dolce_Vino_Frizzante_Medici_%288130774783%29.jpg
  [7286] 'glacier wine' -> https://upload.wikimedia.org/wikipedia/commons/thumb/1/1a/Transport_Vin_du_Glacier_par_mulet_Sierre-Anniviers.jpg/500px-Transport_Vin_du_Glacier_par_mulet_Sierre-Anniviers.jpg
  [7288] 'Velletri' -> https://upload.wikimedia.org/wikipedia/commons/thumb/c/ca/Velletri_-_il_carcere.JPG/500px-Velletri_-_il_carcere.JPG
  [commons.wikimedia.org] 429 intento 1, esperando 44s ...
  [7365] 'Spumante' -> https://upload.wikimedia.org/wikipedia/commons/thumb/4/47/Folius%2C_Cantina_del_Taburno_-_Falanghina_spumante_extra_dry.jpg/500px-Folius%2C_Cantina_del_Taburno_-_Falanghina_spumante_extra_dry.jpg
  [7368] 'Château Mont-Pérat' -> https://upload.wikimedia.org/wikipedia/commons/thumb/e/e4/Ch%C3%A2teau_Mont-P%C3%A9rat_Blanc.jpg/500px-Ch%C3%A2teau_Mont-P%C3%A9rat_Blanc.jpg
  [commons.wikimedia.org] 429 intento 1, esperando 48s ...
  [7568] 'Eichberg' -> https://upload.wikimedia.org/wikipedia/commons/thumb/4/46/Eichberg_Kirche_sw.JPG/500px-Eichberg_Kirche_sw.JPG
  [7572] 'Saaremaa Vodka' -> https://upload.wikimedia.org/wikipedia/commons/thumb/0/04/Saaremaa_Vodka.jpg/500px-Saaremaa_Vodka.jpg
  [commons.wikimedia.org] 429 intento 1, esperando 47s ...
  [7665] 'Optimel' -> https://upload.wikimedia.org/wikipedia/commons/thumb/3/36/Optimel_glasses_for_sale_inside_of_the_GoudGoed_kringloop_Groningen%2C_Winschoten_%282019%29.jpg/500px-Optimel_glasses_for_sale_inside_of_the_GoudGoed_kringloop_Groningen%2C_Winschoten_%282019%29.jpg
  [7666] 'Blasfemia' -> https://upload.wikimedia.org/wikipedia/commons/thumb/e/ec/En_%22Blasfemia%22.JPG/500px-En_%22Blasfemia%22.JPG
  [7676] 'Kylie Minogue Wines' -> https://upload.wikimedia.org/wikipedia/commons/thumb/2/2f/Kylie_Minogue_%22Tension_Tour%22_at_Allstate_Arena_IMG_1653_Coors_Light_Clubhouse_serving_as_Kylie_Wines_lounge_for_VIP_ticketholders.jpg/500px-Kylie_Minogue_%22Tension_Tour%22_at_Allstate_Arena_IMG_1653_Coors_Light_Clubhouse_serving_as_Kylie_Wines_lounge_for_VIP_ticketholders.jpg
  [7677] 'Dioscuria' -> https://upload.wikimedia.org/wikipedia/commons/thumb/c/c6/Gerhard_Mercator%2C_amsterdam_-_Dioscuria%2C_Georgia_-_1690.jpg/500px-Gerhard_Mercator%2C_amsterdam_-_Dioscuria%2C_Georgia_-_1690.jpg
  [commons.wikimedia.org] 429 intento 1, esperando 45s ...
  [commons.wikimedia.org] 429 intento 1, esperando 34s ...
  [commons.wikimedia.org] 429 intento 1, esperando 49s ...
  [commons.wikimedia.org] 429 intento 1, esperando 50s ...
  [commons.wikimedia.org] 429 intento 1, esperando 49s ...
  [commons.wikimedia.org] 429 intento 1, esperando 50s ...
  [8068] "Vallée d'Aoste Chambave Muscat DOC" -> https://upload.wikimedia.org/wikipedia/commons/thumb/d/db/Vigna_Valle_d%27Aoste_Chambave_abc2.JPG/500px-Vigna_Valle_d%27Aoste_Chambave_abc2.JPG
  [8563] 'Elba DOC' -> https://upload.wikimedia.org/wikipedia/commons/thumb/d/d6/Idris_Elba-5272.jpg/500px-Idris_Elba-5272.jpg
  [commons.wikimedia.org] 429 intento 1, esperando 47s ...
  [commons.wikimedia.org] 429 intento 1, esperando 50s ...
  [9366] 'Tavernello' -> https://upload.wikimedia.org/wikipedia/commons/d/db/Prodotti_Tavernello.png
  [9474] 'Khvanchkara' -> https://upload.wikimedia.org/wikipedia/commons/thumb/c/c5/Khvanchkara_wine.jpg/500px-Khvanchkara_wine.jpg
  [commons.wikimedia.org] 429 intento 1, esperando 43s ...
  [9479] 'Teliani' -> https://upload.wikimedia.org/wikipedia/commons/thumb/d/d1/Teliani_Valley_vineyard_entrance_through_the_sunroof.jpg/500px-Teliani_Valley_vineyard_entrance_through_the_sunroof.jpg
  [9482] 'Bruderthal' -> https://upload.wikimedia.org/wikipedia/commons/thumb/3/31/Tonneau_publicitaire_-_Alsace_D%C3%A9couvrez_les_vins_de_Molsheim%2C_Grand_Cru_Bruderthal.jpg/500px-Tonneau_publicitaire_-_Alsace_D%C3%A9couvrez_les_vins_de_Molsheim%2C_Grand_Cru_Bruderthal.jpg
  [9489] 'Pikolit' -> https://upload.wikimedia.org/wikipedia/commons/e/ed/8062carmenere.jpg
  [9490] 'vino novello italiano' -> https://upload.wikimedia.org/wikipedia/commons/thumb/0/01/Vincent_Novello_by_Edward_Petre_Novello.jpg/500px-Vincent_Novello_by_Edward_Petre_Novello.jpg
  [9492] 'Beyaz' -> https://upload.wikimedia.org/wikipedia/commons/thumb/4/4f/Birecik_Beyaz_Kale_7218.jpg/500px-Birecik_Beyaz_Kale_7218.jpg
  [www.wikidata.org] 429 intento 1, esperando 41s ...
  [9516] 'Albachiara' -> https://upload.wikimedia.org/wikipedia/commons/thumb/9/9e/Albachiara_-mongolfiera_-_panoramio.jpg/500px-Albachiara_-mongolfiera_-_panoramio.jpg
  [9517] 'Alban-a' -> https://upload.wikimedia.org/wikipedia/commons/thumb/2/22/Dr-Alban-1.jpg/500px-Dr-Alban-1.jpg
  [9518] 'Basarin' -> https://upload.wikimedia.org/wikipedia/commons/c/cf/Vecihi_John_Basarin.jpg
  [9519] 'Katsunuma Wine' -> https://upload.wikimedia.org/wikipedia/commons/thumb/d/d6/Katsunuma_vineyard.jpg/500px-Katsunuma_vineyard.jpg
  [9520] 'Tokachi Wine' -> https://upload.wikimedia.org/wikipedia/commons/thumb/b/b5/Tokachi_Ikeda_Wine_Castle_%E5%8D%81%E5%8B%9D%E6%B1%A0%E7%94%B0%E9%85%92%E5%A0%A1_-_panoramio.jpg/500px-Tokachi_Ikeda_Wine_Castle_%E5%8D%81%E5%8B%9D%E6%B1%A0%E7%94%B0%E9%85%92%E5%A0%A1_-_panoramio.jpg
  [9522] 'Alazani' -> https://upload.wikimedia.org/wikipedia/commons/thumb/6/6e/Alazani%2C_351_km_long_river.jpg/500px-Alazani%2C_351_km_long_river.jpg
  [9523] 'Arleo' -> https://upload.wikimedia.org/wikipedia/commons/thumb/8/8c/Arleo-Dordar.jpg/500px-Arleo-Dordar.jpg
  [commons.wikimedia.org] 429 intento 1, esperando 43s ...
  [9526] 'Acqua pazza' -> https://upload.wikimedia.org/wikipedia/commons/b/bd/Acqua_pazza.jpg
  [9527] 'Vino pipeño' -> https://upload.wikimedia.org/wikipedia/commons/1/17/Chicha_with_Pipe%C3%B1o.jpg
  [commons.wikimedia.org] 429 intento 1, esperando 46s ...
  [commons.wikimedia.org] 429 intento 1, esperando 50s ...
  [9539] 'Sonyachna Dolyna' -> https://upload.wikimedia.org/wikipedia/commons/thumb/c/ce/View_from_Mount_Echki-Dag_towards_Cape_Meganom_and_the_village_of_Sonyachna_Dolyna_%28%3DKoz%29%2C_Southeast_Crimea%2C_Ukraine.jpg/500px-View_from_Mount_Echki-Dag_towards_Cape_Meganom_and_the_village_of_Sonyachna_Dolyna_%28%3DKoz%29%2C_Southeast_Crimea%2C_Ukraine.jpg
  [9546] 'Negru de Purcari' -> https://upload.wikimedia.org/wikipedia/commons/1/1d/Negru_de_purcari_2012_grande.png
  [9549] 'Nama' -> https://upload.wikimedia.org/wikipedia/commons/thumb/3/3a/Nama_demissum_3.jpg/500px-Nama_demissum_3.jpg
  [9550] 'Bonamico' -> https://upload.wikimedia.org/wikipedia/commons/thumb/2/28/9652_-_Milano_-_Sant%27Ambrogio_-_Bonamico_Taverna_in_preghiera_sec._XIII_-_Foto_Giovanni_Dall%27Orto_25-Apr-2007.jpg/500px-9652_-_Milano_-_Sant%27Ambrogio_-_Bonamico_Taverna_in_preghiera_sec._XIII_-_Foto_Giovanni_Dall%27Orto_25-Apr-2007.jpg
  [9555] 'Shiraz' -> https://upload.wikimedia.org/wikipedia/commons/thumb/7/71/Shiraz_-_Movie_Still_%281928%29.jpg/500px-Shiraz_-_Movie_Still_%281928%29.jpg
  [9559] 'Pale cream' -> https://upload.wikimedia.org/wikipedia/commons/thumb/4/42/Pale_cream_grey_dirty_grubby_dusty_discolored_geometric_diagonal_tile_pattern_floor_texture.jpg/500px-Pale_cream_grey_dirty_grubby_dusty_discolored_geometric_diagonal_tile_pattern_floor_texture.jpg
  [commons.wikimedia.org] 429 intento 1, esperando 43s ...
  [commons.wikimedia.org] 429 intento 1, esperando 50s ...
  [9573] 'Moscatel' -> https://upload.wikimedia.org/wikipedia/commons/thumb/d/d8/Navarra_Moscatel.jpg/500px-Navarra_Moscatel.jpg
  [commons.wikimedia.org] 429 intento 1, esperando 42s ...
  [9583] 'Costabela' -> https://upload.wikimedia.org/wikipedia/commons/thumb/b/ba/Costabela_via_ferrata_bepi_zac_-_panoramio.jpg/500px-Costabela_via_ferrata_bepi_zac_-_panoramio.jpg
  [www.wikidata.org] 429 intento 1, esperando 46s ...
  [9590] 'Le Grive' -> https://upload.wikimedia.org/wikipedia/commons/thumb/5/59/Aiguille_Grive_ridgeline.jpg/500px-Aiguille_Grive_ridgeline.jpg
  [commons.wikimedia.org] 429 intento 1, esperando 49s ...
  [commons.wikimedia.org] 429 intento 1, esperando 49s ...
  [commons.wikimedia.org] 429 intento 1, esperando 50s ...
  [9650] 'Tears of Paradise' -> https://upload.wikimedia.org/wikipedia/commons/thumb/d/d4/Paradise_Lost_%281667%29.djvu/page1-500px-Paradise_Lost_%281667%29.djvu.jpg
  [9662] 'Circeo' -> https://upload.wikimedia.org/wikipedia/commons/thumb/9/98/San_felice_circeo.JPG/500px-San_felice_circeo.JPG
  [9664] 'Cabernet Sauvignon wine' -> https://upload.wikimedia.org/wikipedia/commons/thumb/4/47/Stag%27s_Leap_Wine_Cellars_Cabernet_Sauvignon_CASK_23_1997.jpg/500px-Stag%27s_Leap_Wine_Cellars_Cabernet_Sauvignon_CASK_23_1997.jpg
  [9665] 'Vazisubani' -> https://upload.wikimedia.org/wikipedia/commons/thumb/b/b1/House_of_Culture%2C_Vazisubani_%28Gurjaani%29.jpg/500px-House_of_Culture%2C_Vazisubani_%28Gurjaani%29.jpg
  [commons.wikimedia.org] 429 intento 1, esperando 41s ...
  [9666] 'Pušipel' -> https://upload.wikimedia.org/wikipedia/commons/thumb/9/9f/Pu%C5%A1ipel_%28Croatia%29.JPG/500px-Pu%C5%A1ipel_%28Croatia%29.JPG
  [9674] 'Riviera del Brenta' -> https://upload.wikimedia.org/wikipedia/commons/thumb/b/bf/Riviera_del_Brenta-mappa_comuni.png/500px-Riviera_del_Brenta-mappa_comuni.png
  [commons.wikimedia.org] 429 intento 1, esperando 44s ...
  [9676] 'Saint Felix Tradition' -> https://upload.wikimedia.org/wikipedia/commons/thumb/7/73/Michel-%C3%89tienne_Le_Pelletier_de_Saint-Fargeau.jpg/500px-Michel-%C3%89tienne_Le_Pelletier_de_Saint-Fargeau.jpg
  [9680] 'Valtellina Rosso DOC' -> https://upload.wikimedia.org/wikipedia/commons/thumb/0/06/Sulle_acque_termali_e_fanghi_di_Bormio_nell%27Alta_Valtellina_-_osservazione_medico-cliniche_%28IA_b22318677%29.pdf/page1-500px-Sulle_acque_termali_e_fanghi_di_Bormio_nell%27Alta_Valtellina_-_osservazione_medico-cliniche_%28IA_b22318677%29.pdf.jpg
  [9681] 'Vino Pedro Ximénez' -> https://upload.wikimedia.org/wikipedia/commons/thumb/3/3f/Pedro_Xim%C3%A9nez_wine_from_Montilla-Moriles.jpg/500px-Pedro_Xim%C3%A9nez_wine_from_Montilla-Moriles.jpg
  [9686] 'Alto Adige DOC' -> https://upload.wikimedia.org/wikipedia/commons/8/88/Cantina_Tramin_-_Alto_Adige_Sauvignon_2005.jpg
  [9711] 'Sassella' -> https://upload.wikimedia.org/wikipedia/commons/thumb/f/f1/Vino_sassella_valtellina_superiore.jpg/500px-Vino_sassella_valtellina_superiore.jpg
  [www.wikidata.org] 429 intento 1, esperando 43s ...
  [9714] 'Saint-Mont rosé' -> https://upload.wikimedia.org/wikipedia/commons/thumb/e/ec/Gressoney-Saint-Jean_-_H%C3%B4tel_du_Mont_Rose.jpg/500px-Gressoney-Saint-Jean_-_H%C3%B4tel_du_Mont_Rose.jpg
  [9715] 'Saint-Mont red wine' -> https://upload.wikimedia.org/wikipedia/commons/thumb/9/97/The_red_spell_%28IA_redspell00grib%29.pdf/page1-500px-The_red_spell_%28IA_redspell00grib%29.pdf.jpg
  [9717] 'Languedoc rouge' -> https://upload.wikimedia.org/wikipedia/commons/thumb/1/19/Le_Languedoc_rouge_1929_%28147771489%29.jpg/500px-Le_Languedoc_rouge_1929_%28147771489%29.jpg
  [9721] 'Cardeira' -> https://upload.wikimedia.org/wikipedia/commons/thumb/f/fc/Placa_da_Rua_Coronel_Cardeira_da_Silva_-_Lagos_-_20.12.2018.jpg/500px-Placa_da_Rua_Coronel_Cardeira_da_Silva_-_Lagos_-_20.12.2018.jpg
  [9723] 'Burgundy wine' -> https://upload.wikimedia.org/wikipedia/commons/thumb/8/84/Burgundy_wine_aging_in_wine_cave.jpg/500px-Burgundy_wine_aging_in_wine_cave.jpg
  [commons.wikimedia.org] 429 intento 1, esperando 43s ...
  [9728] 'Gurjaani' -> https://upload.wikimedia.org/wikipedia/commons/thumb/4/4b/Gurjaani_17820_%2814620882786%29.jpg/500px-Gurjaani_17820_%2814620882786%29.jpg
  [9729] 'Modjo' -> https://upload.wikimedia.org/wikipedia/commons/thumb/1/12/COLLECTIE_TROPENMUSEUM_De_woning_van_een_zendeling_in_Modjo_Warno_TMnr_5796-5.jpg/500px-COLLECTIE_TROPENMUSEUM_De_woning_van_een_zendeling_in_Modjo_Warno_TMnr_5796-5.jpg
  [commons.wikimedia.org] 429 intento 1, esperando 48s ...
  [9736] 'Pago de Aylés' -> https://upload.wikimedia.org/wikipedia/commons/thumb/5/55/Etiqueta_Vino_de_Pago_Ayl%C3%A9s.jpg/500px-Etiqueta_Vino_de_Pago_Ayl%C3%A9s.jpg
  [9738] 'Pomino' -> https://upload.wikimedia.org/wikipedia/commons/thumb/b/b7/Bando_Pomino_definition_1716.jpg/500px-Bando_Pomino_definition_1716.jpg
  [commons.wikimedia.org] 429 intento 1, esperando 47s ...
  [9743] 'anchovy sauce' -> https://upload.wikimedia.org/wikipedia/commons/thumb/e/ed/Anchovies_for_fish_sauce.jpg/500px-Anchovies_for_fish_sauce.jpg
  [9749] 'Maheu' -> https://upload.wikimedia.org/wikipedia/commons/thumb/e/e1/UNESCO_History%2C_Edgar_Faure_and_Ren%C3%A9_Maheu_-_UNESCO_-_PHOTO0000002726_0001.tiff/lossy-page1-500px-UNESCO_History%2C_Edgar_Faure_and_Ren%C3%A9_Maheu_-_UNESCO_-_PHOTO0000002726_0001.tiff.jpg
  [9751] 'Gaza wine' -> https://upload.wikimedia.org/wikipedia/commons/thumb/7/74/The_life_of_Porphyry%2C_bishop_of_Gaza_%28IA_lifeofporphyrybi00marcrich%29.pdf/page1-500px-The_life_of_Porphyry%2C_bishop_of_Gaza_%28IA_lifeofporphyrybi00marcrich%29.pdf.jpg
  [9753] 'Houraisen' -> https://upload.wikimedia.org/wikipedia/commons/thumb/4/48/Houraisen_Ginjo-Kobo%2C_Kuroda-cho_Toyota_2019.jpg/500px-Houraisen_Ginjo-Kobo%2C_Kuroda-cho_Toyota_2019.jpg
  [commons.wikimedia.org] 429 intento 1, esperando 44s ...
  [9760] 'Cinque Terre e Cinque Terre Sciacchetrà DOC' -> https://upload.wikimedia.org/wikipedia/commons/thumb/0/0b/Sciacchetr%C3%A0_tri_des_raisins.jpg/500px-Sciacchetr%C3%A0_tri_des_raisins.jpg
  [9762] 'Colli della Toscana centrale IGT' -> https://upload.wikimedia.org/wikipedia/commons/thumb/f/f8/Bollettino_della_Associazione_Agraria_Friulana_n._43-44_%281857%29_%28IA_BolAssAgrFriulana1857-7%29.pdf/page1-500px-Bollettino_della_Associazione_Agraria_Friulana_n._43-44_%281857%29_%28IA_BolAssAgrFriulana1857-7%29.pdf.jpg
  [www.wikidata.org] 429 intento 1, esperando 43s ...
  [www.wikidata.org] 429 intento 1, esperando 50s ...
  [www.wikidata.org] 429 intento 1, esperando 48s ...
  [9775] 'Valdemar' -> https://upload.wikimedia.org/wikipedia/commons/thumb/d/d0/Valdemar_Atterdag_brandskattar_Visby_%281882%29.jpg/500px-Valdemar_Atterdag_brandskattar_Visby_%281882%29.jpg
  [9780] 'Dolcetto di Ovada Superiore DOC' -> https://upload.wikimedia.org/wikipedia/commons/thumb/8/83/Dolcetto_di_Ovada_2015.jpg/500px-Dolcetto_di_Ovada_2015.jpg
  [commons.wikimedia.org] 429 intento 1, esperando 46s ...
  [commons.wikimedia.org] 429 intento 1, esperando 48s ...
  [9799] 'Vigneti delle Dolomiti IGT' -> https://upload.wikimedia.org/wikipedia/commons/thumb/a/a2/Teroldego%2C_Vigneti_delle_Dolomiti_I.G.T._%22Vigna_del_Gelso%22_2007%2C_13%C2%B0%2C_di_Cantina_Mori_Colli_Zugna.jpg/500px-Teroldego%2C_Vigneti_delle_Dolomiti_I.G.T._%22Vigna_del_Gelso%22_2007%2C_13%C2%B0%2C_di_Cantina_Mori_Colli_Zugna.jpg
  [commons.wikimedia.org] 429 intento 1, esperando 47s ...
  [9819] 'Volcanic wine' -> https://upload.wikimedia.org/wikipedia/commons/thumb/0/02/Lassen_Art_%26_Wine_%2829144898134%29.jpg/500px-Lassen_Art_%26_Wine_%2829144898134%29.jpg
  [9820] 'Royal Dog Cider' -> https://upload.wikimedia.org/wikipedia/commons/thumb/9/9d/The_chien_d%27or._The_golden_dog%3B_a_legend_of_Quebec_%28IA_chiendorgoldendo00kirb_0%29.pdf/page1-500px-The_chien_d%27or._The_golden_dog%3B_a_legend_of_Quebec_%28IA_chiendorgoldendo00kirb_0%29.pdf.jpg
  [9822] 'Shiromiso' -> https://upload.wikimedia.org/wikipedia/commons/thumb/3/34/SHINSHINTEI_SHIROMISO_RAMEN.jpg/500px-SHINSHINTEI_SHIROMISO_RAMEN.jpg
  [www.wikidata.org] 429 intento 1, esperando 46s ...
  [9824] 'Awasemiso' -> https://upload.wikimedia.org/wikipedia/commons/f/f6/Awasemiso_2018-11-03.jpg
  [9827] 'Ludmila' -> https://upload.wikimedia.org/wikipedia/commons/thumb/8/81/Ludmila_da_Silva.jpg/500px-Ludmila_da_Silva.jpg
  [9829] 'Pirosmani' -> https://upload.wikimedia.org/wikipedia/commons/thumb/0/00/Niko_Pirosmani_1916.jpg/500px-Niko_Pirosmani_1916.jpg
  [9830] 'Verdese wine' -> https://upload.wikimedia.org/wikipedia/commons/thumb/5/5a/Verdese-pano.jpg/500px-Verdese-pano.jpg
  [www.wikidata.org] 429 intento 1, esperando 45s ...
  [9839] 'Barbera' -> https://upload.wikimedia.org/wikipedia/commons/thumb/0/07/Uva_Barbera_-_Giorgio_Gallesio.jpg/500px-Uva_Barbera_-_Giorgio_Gallesio.jpg
  [9841] 'Perno Barolo' -> https://upload.wikimedia.org/wikipedia/commons/thumb/e/ee/Perno_Postimees%2C_Nr_1.png/500px-Perno_Postimees%2C_Nr_1.png
  [www.wikidata.org] 429 intento 1, esperando 48s ...
  [9857] 'Calabria IGT' -> https://upload.wikimedia.org/wikipedia/commons/thumb/4/4c/Regione_Calabria_3.svg/500px-Regione_Calabria_3.svg.png
  [commons.wikimedia.org] 429 intento 1, esperando 48s ...
  [9859] 'Veneto IGT' -> https://upload.wikimedia.org/wikipedia/commons/thumb/c/ca/Zonin_OgniGiorno_Merlot_Veneto_%28IGT%29.jpg/500px-Zonin_OgniGiorno_Merlot_Veneto_%28IGT%29.jpg
  [9860] 'Verona IGT' -> https://upload.wikimedia.org/wikipedia/commons/thumb/c/c8/Ratherius_von_Verona_und_das_zehnte_Jahrhundert_%28IA_bub_gb_bKdFAAAAIAAJ%29.pdf/page1-500px-Ratherius_von_Verona_und_das_zehnte_Jahrhundert_%28IA_bub_gb_bKdFAAAAIAAJ%29.pdf.jpg
  [9862] 'Napareuli' -> https://upload.wikimedia.org/wikipedia/commons/thumb/1/11/Sh43_Pshaveli_-_Napareuli.jpg/500px-Sh43_Pshaveli_-_Napareuli.jpg
  [www.wikidata.org] 429 intento 1, esperando 45s ...
  [www.wikidata.org] 429 intento 1, esperando 50s ...
  [www.wikidata.org] 429 intento 1, esperando 50s ...
  [9879] 'Osco' -> https://upload.wikimedia.org/wikipedia/commons/thumb/6/6f/Karte_Gemeinde_Osco.png/500px-Karte_Gemeinde_Osco.png
  [9880] 'Rotae' -> https://upload.wikimedia.org/wikipedia/commons/thumb/2/22/Bernard_du_Bosquet_%E2%80%93_Decisiones_Rotae_Romanae%2C_1486_%E2%80%93_BEIC_11787743.jpg/500px-Bernard_du_Bosquet_%E2%80%93_Decisiones_Rotae_Romanae%2C_1486_%E2%80%93_BEIC_11787743.jpg
  [www.wikidata.org] 429 intento 1, esperando 48s ...
  [9889] 'Terre di Chieti IGT' -> https://upload.wikimedia.org/wikipedia/commons/thumb/a/a4/Pecorino_Frizzante_Wine_from_Terre_di_Chieti.jpg/500px-Pecorino_Frizzante_Wine_from_Terre_di_Chieti.jpg
  [commons.wikimedia.org] 429 intento 1, esperando 49s ...
  [commons.wikimedia.org] 429 intento 1, esperando 49s ...
  [9900] 'Narni IGT' -> https://upload.wikimedia.org/wikipedia/commons/thumb/5/5b/Galeotto_Marzio_da_Narni_Della_varia_dottrina_%28IA_b32984017%29.pdf/page1-500px-Galeotto_Marzio_da_Narni_Della_varia_dottrina_%28IA_b32984017%29.pdf.jpg
  [www.wikidata.org] 429 intento 1, esperando 43s ...
  [www.wikidata.org] 429 intento 1, esperando 49s ...
  [9912] 'Emilia IGT' -> https://upload.wikimedia.org/wikipedia/commons/thumb/c/cf/SantOrsola_Lambrusco_Emilia_I.G.T._%286203822538%29.jpg/500px-SantOrsola_Lambrusco_Emilia_I.G.T._%286203822538%29.jpg
  [9913] 'Ravenna IGT' -> https://upload.wikimedia.org/wikipedia/commons/thumb/2/22/Gaetano_Maria_Schiassi_-_Stratonica_-_dramma_per_musica_da_rappresentarsi_nel_pubblico%2C_e_nuovo_Teatro_di_Ravenna_la_primavera_dell%27anno_MDCCXXXII_-_libretto_%28IA_stratonicadramma168salv%29.pdf/page1-500px-thumbnail.pdf.jpg
  [www.wikidata.org] 429 intento 1, esperando 45s ...
  [commons.wikimedia.org] 429 intento 1, esperando 48s ...
  [9924] 'Pompeiano IGT' -> https://upload.wikimedia.org/wikipedia/commons/thumb/d/d6/Commentarii_C._Ivlii_Caesaris_De_Bello_Gallico%2C_VII._%28et%29_III._de_Ciuili_Pompeiano_Cvm_Librorvm%2C_qui_defiderantur%2C_Fragmentis._-_Dein_Avli_Hirtii_De_Bello_Galico%2C_Lib._I_de_%28IA_dlibra.kul_pl.P.XVI.433%29.pdf/page1-500px-thumbnail.pdf.jpg
  [www.wikidata.org] 429 intento 1, esperando 49s ...
  [www.wikidata.org] 429 intento 1, esperando 49s ...
  [9937] 'Marche IGT' -> https://upload.wikimedia.org/wikipedia/commons/thumb/b/b0/Trebbiano-Passerina_Marche_IGT.jpg/500px-Trebbiano-Passerina_Marche_IGT.jpg
  [commons.wikimedia.org] 429 intento 1, esperando 49s ...
  [commons.wikimedia.org] 429 intento 1, esperando 50s ...
  [commons.wikimedia.org] 429 intento 1, esperando 48s ...
  [9962] 'Cold Duck' -> https://upload.wikimedia.org/wikipedia/commons/b/b1/Cold_Duck_-_geograph.org.uk_-_1658725.jpg
  [9975] 'Vendimia tardía' -> https://upload.wikimedia.org/wikipedia/commons/thumb/9/93/National_wine_harvest.png/500px-National_wine_harvest.png
  [9979] 'Oloroso' -> https://upload.wikimedia.org/wikipedia/commons/thumb/d/dc/Century_wine_-_vintage_1918_%E2%80%93_Sherry_Oloroso_Anada_1918_%E2%80%93_Solera_Matured_by_Pilar_Aranda_y_Latorre_%E2%80%93_Jerez_de_la_Frontera_%E2%80%93_Limited_wine_rarities_edition.jpg/500px-thumbnail.jpg
  [commons.wikimedia.org] 429 intento 1, esperando 46s ...
  [9984] 'Ausbruch' -> https://upload.wikimedia.org/wikipedia/commons/thumb/8/8f/Joseph_Mallord_William_Turner_-_Ausbruch_des_Vesuvs%2C_1817.jpg/500px-Joseph_Mallord_William_Turner_-_Ausbruch_des_Vesuvs%2C_1817.jpg
  [9994] "Rosé d'Anjou" -> https://upload.wikimedia.org/wikipedia/commons/thumb/1/11/Baraques_31-33-35-39-41_rue_d_Anjou_78000_Versailles_%28PA00087709%29.jpg/500px-Baraques_31-33-35-39-41_rue_d_Anjou_78000_Versailles_%28PA00087709%29.jpg
  [commons.wikimedia.org] 429 intento 1, esperando 47s ...
  [9995] 'Côte des Noirs' -> https://upload.wikimedia.org/wikipedia/commons/4/4b/Ponts-noirs-treguier.jpg
  [9998] 'Touraine Oisly' -> https://upload.wikimedia.org/wikipedia/commons/thumb/4/4e/The_ch%C3%A2teaux_of_Touraine_%28IA_chateauxoftourai00lans%29.pdf/page1-500px-The_ch%C3%A2teaux_of_Touraine_%28IA_chateauxoftourai00lans%29.pdf.jpg
  [9999] 'Bordeaux rosé' -> https://upload.wikimedia.org/wikipedia/commons/thumb/7/7e/Bordeaux_Cathedrale_St_Andre_Rosace.jpg/500px-Bordeaux_Cathedrale_St_Andre_Rosace.jpg
  [10003] 'Lambrini' -> https://upload.wikimedia.org/wikipedia/commons/thumb/6/65/Lambrini_Girls_op_het_Valkhof_Festival_2023_02.jpg/500px-Lambrini_Girls_op_het_Valkhof_Festival_2023_02.jpg
  [10004] 'mắm nêm' -> https://upload.wikimedia.org/wikipedia/commons/thumb/1/1c/B%C3%BAn_%C4%91%E1%BA%ADu_m%E1%BA%AFm_t%C3%B4m%2C_b%C3%BAn_nem_r%C3%A1n.JPG/500px-B%C3%BAn_%C4%91%E1%BA%ADu_m%E1%BA%AFm_t%C3%B4m%2C_b%C3%BAn_nem_r%C3%A1n.JPG
  [www.wikidata.org] 429 intento 1, esperando 44s ...
  [10016] 'mắm cáy' -> https://upload.wikimedia.org/wikipedia/commons/thumb/a/a2/Raspberries_%28Rubus_Idaeus%29.jpg/500px-Raspberries_%28Rubus_Idaeus%29.jpg
  [10021] 'Palo cortado' -> https://upload.wikimedia.org/wikipedia/commons/thumb/a/a6/Palo_Cortado_VORS.jpg/500px-Palo_Cortado_VORS.jpg
  [10026] 'Amontillado' -> https://upload.wikimedia.org/wikipedia/commons/4/45/Romney_Brent_in_Suspense_%28A_Cask_of_Amontillado%29.jpg
  [commons.wikimedia.org] 429 intento 1, esperando 45s ...
  [10028] 'Golden Cap' -> https://upload.wikimedia.org/wikipedia/commons/thumb/0/0d/Golden_Cap_from_Charmouth_beach.jpg/500px-Golden_Cap_from_Charmouth_beach.jpg
  [10031] 'Gwamegi' -> https://upload.wikimedia.org/wikipedia/commons/thumb/3/35/Korean_cuisine-Gwamegi-01.jpg/500px-Korean_cuisine-Gwamegi-01.jpg
  [commons.wikimedia.org] 429 intento 1, esperando 48s ...
  [commons.wikimedia.org] 429 intento 1, esperando 50s ...
  [commons.wikimedia.org] 429 intento 1, esperando 48s ...
  [commons.wikimedia.org] 429 intento 1, esperando 49s ...
  [commons.wikimedia.org] 429 intento 1, esperando 49s ...
  [10137] 'Black Star' -> https://upload.wikimedia.org/wikipedia/commons/thumb/a/a7/Black_Star_-_Ilosaarirock_2012.jpg/500px-Black_Star_-_Ilosaarirock_2012.jpg
  [10138] 'whole sour cabbage' -> https://upload.wikimedia.org/wikipedia/commons/thumb/7/78/Diseases_of_cabbage_and_related_plants_%28IA_CAT87203108%29.pdf/page1-500px-Diseases_of_cabbage_and_related_plants_%28IA_CAT87203108%29.pdf.jpg
  [10145] 'Lemon pickle' -> https://upload.wikimedia.org/wikipedia/commons/thumb/2/29/Lemon_Pickle.jpg/500px-Lemon_Pickle.jpg
  [10146] 'Lime pickle' -> https://upload.wikimedia.org/wikipedia/commons/thumb/2/2e/Lime_Pickle.jpg/500px-Lime_Pickle.jpg
  [10147] 'Mango pickle' -> https://upload.wikimedia.org/wikipedia/commons/thumb/6/6e/Mango_pickle_prep.jpg/500px-Mango_pickle_prep.jpg
  [commons.wikimedia.org] 429 intento 1, esperando 42s ...
  [10148] 'Dalok' -> https://upload.wikimedia.org/wikipedia/commons/thumb/7/7b/Plevna_nota_-_dalok_a_t%C3%B6r%C3%B6k_magyar_bar%C3%A1ts%C3%A1grol_-_zongorara_-_szerz%C3%A9_Szentirmay_Elem%C3%A9r_-_bpt6k326674h_%281_of_4%29.jpg/500px-Plevna_nota_-_dalok_a_t%C3%B6r%C3%B6k_magyar_bar%C3%A1ts%C3%A1grol_-_zongorara_-_szerz%C3%A9_Szentirmay_Elem%C3%A9r_-_bpt6k326674h_%281_of_4%29.jpg
  [10149] 'Kiam-chai' -> https://upload.wikimedia.org/wikipedia/commons/thumb/3/36/Chai_tow_kway.jpg/500px-Chai_tow_kway.jpg
  [10151] 'Kong-chai' -> https://upload.wikimedia.org/wikipedia/commons/thumb/e/e0/Wan_Chai%2C_Hong_Kong_-_panoramio_%284%29.jpg/500px-Wan_Chai%2C_Hong_Kong_-_panoramio_%284%29.jpg
  [10152] 'Pak-siam-dong' -> https://upload.wikimedia.org/wikipedia/commons/thumb/9/92/Klang_Dong%2C_Pak_Chong_District%2C_Nakhon_Ratchasima%2C_Thailand_-_panoramio.jpg/500px-Klang_Dong%2C_Pak_Chong_District%2C_Nakhon_Ratchasima%2C_Thailand_-_panoramio.jpg
  [10154] 'Phak-dong' -> https://upload.wikimedia.org/wikipedia/commons/thumb/b/be/Tom_phak_kat_dong_mu.JPG/500px-Tom_phak_kat_dong_mu.JPG
  [commons.wikimedia.org] 429 intento 1, esperando 38s ...
  [10160] 'Tang-chai' -> https://upload.wikimedia.org/wikipedia/commons/thumb/0/09/Hong_Kong_Wan_Chai_Morrison_Hill_Tang_Chi_Ngong_Specialist_Clinic.JPG/500px-Hong_Kong_Wan_Chai_Morrison_Hill_Tang_Chi_Ngong_Specialist_Clinic.JPG
  [10161] 'Bai-ming' -> https://upload.wikimedia.org/wikipedia/commons/thumb/6/60/Bai_Qi.jpg/500px-Bai_Qi.jpg
  [10163] 'Bossam-kimchi' -> https://upload.wikimedia.org/wikipedia/commons/8/83/Korean_cuisine-Kaesong_bossam_kimchi-01.jpg
  [10164] 'Chonggak-kimchi' -> https://upload.wikimedia.org/wikipedia/commons/thumb/8/87/Korean_cuisine-Chonggak_kimchi-01.jpg/500px-Korean_cuisine-Chonggak_kimchi-01.jpg
  [commons.wikimedia.org] 429 intento 1, esperando 38s ...
  [10176] 'Hiroshimana' -> https://upload.wikimedia.org/wikipedia/commons/thumb/3/32/Hiroshimana_pickles_2021-08_ac.jpg/500px-Hiroshimana_pickles_2021-08_ac.jpg
  [commons.wikimedia.org] 429 intento 1, esperando 39s ...
  [10179] 'Narazuke' -> https://upload.wikimedia.org/wikipedia/commons/thumb/2/20/Narazuke_from_Aichi_by_daveyll_in_Ginza.jpg/500px-Narazuke_from_Aichi_by_daveyll_in_Ginza.jpg
  [10183] 'Red in snow' -> https://upload.wikimedia.org/wikipedia/commons/thumb/c/c3/Red-green_snow.jpg/500px-Red-green_snow.jpg
  [10185] 'Szechwan cabbage' -> https://upload.wikimedia.org/wikipedia/commons/thumb/9/9b/Host_index_of_the_parasitic_fungi_of_Szechwan%2C_China_%28IA_hostindexofparas173ling%29.pdf/page1-500px-Host_index_of_the_parasitic_fungi_of_Szechwan%2C_China_%28IA_hostindexofparas173ling%29.pdf.jpg
  [10187] 'Takana' -> https://upload.wikimedia.org/wikipedia/commons/thumb/e/e4/Takana_by_ayustety_in_Suitengu%2C_Tokyo.jpg/500px-Takana_by_ayustety_in_Suitengu%2C_Tokyo.jpg
  [commons.wikimedia.org] 429 intento 1, esperando 40s ...
  [10189] 'Tsu' -> https://upload.wikimedia.org/wikipedia/commons/thumb/c/c6/Tsu_City_Hall.jpg/500px-Tsu_City_Hall.jpg
  [10190] 'Wasabi-zuke' -> https://upload.wikimedia.org/wikipedia/commons/thumb/6/69/Marusa_Food_Wasabi-zuke_2018.jpg/500px-Marusa_Food_Wasabi-zuke_2018.jpg
  [10191] 'Yen tsai' -> https://upload.wikimedia.org/wikipedia/commons/8/8d/Tsai_Hsuan-yen_2022-11-19.jpg
  [10192] 'Hot pepper sauce' -> https://upload.wikimedia.org/wikipedia/commons/thumb/6/65/Hot_Sauce-Caribbean_Pepper_Sauce.jpg/500px-Hot_Sauce-Caribbean_Pepper_Sauce.jpg
  [10193] 'Fruit vinegar' -> https://upload.wikimedia.org/wikipedia/commons/9/9a/Vinegar_infused_with_oregano.jpg
  [commons.wikimedia.org] 429 intento 1, esperando 40s ...
  [10198] 'Olive' -> https://upload.wikimedia.org/wikipedia/commons/thumb/8/86/Air_Olive_1.JPG/500px-Air_Olive_1.JPG
  [10200] 'Hibiscus seed' -> https://upload.wikimedia.org/wikipedia/commons/thumb/5/5a/Hibiscus_coccineus_MHNT.BOT.2012.10.19.JPG/500px-Hibiscus_coccineus_MHNT.BOT.2012.10.19.JPG
  [10201] 'Cucumber pickles' -> https://upload.wikimedia.org/wikipedia/commons/thumb/3/39/Pickled_Cucumber_Slices_-_Flickr_-_scubadive67.jpg/500px-Pickled_Cucumber_Slices_-_Flickr_-_scubadive67.jpg
  [10202] 'Dill pickles' -> https://upload.wikimedia.org/wikipedia/commons/thumb/5/5b/Fried_pickles_closeup.jpg/500px-Fried_pickles_closeup.jpg
  [10203] 'Lupin seed' -> https://upload.wikimedia.org/wikipedia/commons/thumb/e/ea/Cloud_Bay_Lupin_Seed_%281825820792%29.jpg/500px-Cloud_Bay_Lupin_Seed_%281825820792%29.jpg
  [10204] 'Kushuk' -> https://upload.wikimedia.org/wikipedia/commons/thumb/d/d6/Standard_of_Jankhot_Kushuk.svg/500px-Standard_of_Jankhot_Kushuk.svg.png
  [commons.wikimedia.org] 429 intento 1, esperando 38s ...
  [10208] 'Grape vinegar' -> https://upload.wikimedia.org/wikipedia/commons/thumb/1/1d/Descriptive_catalogue_of_fruit_and_ornamental_trees%2C_evergreens%2C_grape_vines%2C_shrubs%2C_bulbs%2C_etc_%28IA_descriptivecatal1890stor%29.pdf/page1-500px-Descriptive_catalogue_of_fruit_and_ornamental_trees%2C_evergreens%2C_grape_vines%2C_shrubs%2C_bulbs%2C_etc_%28IA_descriptivecatal1890stor%29.pdf.jpg
  [10209] 'Wine vinegar' -> https://upload.wikimedia.org/wikipedia/commons/9/9a/Vinegar_infused_with_oregano.jpg
  [10211] 'Ayib (traditional cottage cheese)' -> https://upload.wikimedia.org/wikipedia/commons/thumb/4/49/Kitfo%2C_Ayib_and_Injera.jpg/500px-Kitfo%2C_Ayib_and_Injera.jpg
  [10215] 'Amabere' -> https://upload.wikimedia.org/wikipedia/commons/thumb/4/47/Amabere_Ga_Nyina_Mwiru_-_Amabere_Point_02.jpg/500px-Amabere_Ga_Nyina_Mwiru_-_Amabere_Point_02.jpg
  [commons.wikimedia.org] 429 intento 1, esperando 40s ...
  [10219] 'Kitcha' -> https://upload.wikimedia.org/wikipedia/commons/thumb/b/b5/Kitcha_fit_fit.png/500px-Kitcha_fit_fit.png
  [10225] 'Magai' -> https://upload.wikimedia.org/wikipedia/commons/thumb/9/98/Magai-Toshukou01.JPG/500px-Magai-Toshukou01.JPG
  [10227] 'Obusera' -> https://upload.wikimedia.org/wikipedia/commons/thumb/7/71/Wheat_flour_%28Obusera%29.jpg/500px-Wheat_flour_%28Obusera%29.jpg
  [commons.wikimedia.org] 429 intento 1, esperando 39s ...
  [10228] 'Mokopa' -> https://upload.wikimedia.org/wikipedia/commons/thumb/5/58/Ingwe_mokopa_umkhonto.JPG/500px-Ingwe_mokopa_umkhonto.JPG
  [10232] 'Shamet' -> https://upload.wikimedia.org/wikipedia/commons/2/2d/Landry_Shamet.jpg
  [10233] 'Tell' -> https://upload.wikimedia.org/wikipedia/commons/thumb/8/86/Globular_vase_Tell_As_Louvre_AO28633.jpg/500px-Globular_vase_Tell_As_Louvre_AO28633.jpg
  [10234] 'Book' -> https://upload.wikimedia.org/wikipedia/commons/e/e8/Newtons_cradle_animation_book.gif
  [10235] 'Chek' -> https://upload.wikimedia.org/wikipedia/commons/thumb/9/98/Chek_Keng.jpg/500px-Chek_Keng.jpg
  [10236] 'Suw' -> https://upload.wikimedia.org/wikipedia/commons/thumb/f/fe/Suw_Charman-Anderson_%282843281583%29.jpg/500px-Suw_Charman-Anderson_%282843281583%29.jpg
  [commons.wikimedia.org] 429 intento 1, esperando 39s ...
  [10239] 'Borde' -> https://upload.wikimedia.org/wikipedia/commons/7/78/Fran%C3%A7ois_Borde_en_1926_2.jpg
  [10241] 'Maris' -> https://upload.wikimedia.org/wikipedia/commons/thumb/b/ba/Jacob_Maris_by_Matthijs_Maris.jpg/500px-Jacob_Maris_by_Matthijs_Maris.jpg
  [10244] 'Gongo' -> https://upload.wikimedia.org/wikipedia/commons/thumb/f/fd/Igreja_feita_com_hematita%2C_toda_restaurada_-_Mina_de_Gongo_Soco_%281512195140%29.jpg/500px-Igreja_feita_com_hematita%2C_toda_restaurada_-_Mina_de_Gongo_Soco_%281512195140%29.jpg
  [10247] 'Komoni' -> https://upload.wikimedia.org/wikipedia/commons/thumb/2/27/Aqif_Blyta_dhe_bashk%C3%ABshsortja_Mahije_Komoni_Blyta.jpg/500px-Aqif_Blyta_dhe_bashk%C3%ABshsortja_Mahije_Komoni_Blyta.jpg
  [commons.wikimedia.org] 429 intento 1, esperando 40s ...
  [10249] 'Waini' -> https://upload.wikimedia.org/wikipedia/commons/thumb/d/d5/Barima-Waini_in_Guyana.svg/500px-Barima-Waini_in_Guyana.svg.png
  [10257] 'Busher' -> https://upload.wikimedia.org/wikipedia/commons/3/3d/The_Busher_%281919%29_-_1.jpg
  [commons.wikimedia.org] 429 intento 1, esperando 39s ...
  [10258] 'Buss' -> https://upload.wikimedia.org/wikipedia/commons/thumb/9/98/Pergine_Valsugana-Buss-panorama_of_Buss_and_Pergine_Valsugana.jpg/500px-Pergine_Valsugana-Buss-panorama_of_Buss_and_Pergine_Valsugana.jpg
  [10260] 'Kwete' -> https://upload.wikimedia.org/wikipedia/commons/thumb/2/2c/Kwete.jpg/500px-Kwete.jpg
  [10261] 'Mes' -> https://upload.wikimedia.org/wikipedia/commons/thumb/3/34/Mes_is.svg/500px-Mes_is.svg.png
  [10263] 'Kunu-zaki' -> https://upload.wikimedia.org/wikipedia/commons/thumb/8/83/Kunun_Zaki_a_leda.jpg/500px-Kunun_Zaki_a_leda.jpg
  [10264] 'Mafi' -> https://upload.wikimedia.org/wikipedia/commons/thumb/d/db/Tahereh_Mafi_%2821997%29.jpg/500px-Tahereh_Mafi_%2821997%29.jpg
  [10266] 'Shubat' -> https://upload.wikimedia.org/wikipedia/commons/thumb/8/8a/Shubat_vs_Kumis.jpg/500px-Shubat_vs_Kumis.jpg
  [commons.wikimedia.org] 429 intento 1, esperando 38s ...
  [10268] 'Qurt (kurt)' -> https://upload.wikimedia.org/wikipedia/commons/thumb/5/56/Qurt_Darreh_2019-10-09_04.jpg/500px-Qurt_Darreh_2019-10-09_04.jpg
  [10271] 'Chicha de jora' -> https://upload.wikimedia.org/wikipedia/commons/thumb/1/1f/Chicha_de_Jora.JPG/500px-Chicha_de_Jora.JPG
  [10274] 'Champús' -> https://upload.wikimedia.org/wikipedia/commons/4/43/Champ%C3%BAs_Titular.jpg
  [10278] 'Laban' -> https://upload.wikimedia.org/wikipedia/commons/thumb/2/29/Figures_Jacob_Laban_Make_Covenant.jpg/500px-Figures_Jacob_Laban_Make_Covenant.jpg
  [commons.wikimedia.org] 429 intento 1, esperando 38s ...
  [10280] 'Mast' -> https://upload.wikimedia.org/wikipedia/commons/6/62/Beech_mast_on_trees%2C_Cockshoots_picnic_site_-_geograph.org.uk_-_232863.jpg
  [10281] 'Trahanas' -> https://upload.wikimedia.org/wikipedia/commons/thumb/d/db/Konari_trahanas.JPG/500px-Konari_trahanas.JPG
  [10283] 'Lben' -> https://upload.wikimedia.org/wikipedia/commons/thumb/d/db/Lben_1.jpg/500px-Lben_1.jpg
  [10285] 'Queso Bola de Ocosingo' -> https://upload.wikimedia.org/wikipedia/commons/thumb/b/bd/WikiCheese_-_Queso_Bola_de_Ocosingo_01.jpg/500px-WikiCheese_-_Queso_Bola_de_Ocosingo_01.jpg
  [commons.wikimedia.org] 429 intento 1, esperando 25s ...
  [10290] 'Queso Menonita (Chihuahua)' -> https://upload.wikimedia.org/wikipedia/commons/thumb/2/28/Queso_Chihuahua.jpg/500px-Queso_Chihuahua.jpg
  [10295] 'Queso Ranchero' -> https://upload.wikimedia.org/wikipedia/commons/thumb/3/36/Queso_Tepehuano.jpg/500px-Queso_Tepehuano.jpg
  [commons.wikimedia.org] 429 intento 1, esperando 39s ...
  [10301] 'Cotija' -> https://upload.wikimedia.org/wikipedia/commons/1/14/Cotija_iglesia.JPG
  [10302] 'Chongos Zamoranos' -> https://upload.wikimedia.org/wikipedia/commons/thumb/b/b7/Chongos.jpg/500px-Chongos.jpg
  [commons.wikimedia.org] 429 intento 1, esperando 40s ...
  [10309] 'Queso de Prensa de la Costa Chica' -> https://upload.wikimedia.org/wikipedia/commons/thumb/4/49/Viajes_y_observaciones_-_cartas_a_%22la_Prensa%2C%22_in%C3%A9ditas_%28IA_viajesyobservaci02wild%29.pdf/page1-500px-Viajes_y_observaciones_-_cartas_a_%22la_Prensa%2C%22_in%C3%A9ditas_%28IA_viajesyobservaci02wild%29.pdf.jpg
  [10310] 'Queso Seco de la Tierra Caliente' -> https://upload.wikimedia.org/wikipedia/commons/thumb/a/a3/Pan%2C_queso_y_besos_%281890%29.djvu/page1-500px-Pan%2C_queso_y_besos_%281890%29.djvu.jpg
  [10312] 'Queso Asadero de Aguascalientes' -> https://upload.wikimedia.org/wikipedia/commons/thumb/9/96/Chaska_preparada_con_queso_y_champi%C3%B1ones.jpg/500px-Chaska_preparada_con_queso_y_champi%C3%B1ones.jpg
  [commons.wikimedia.org] 429 intento 1, esperando 37s ...
  [10323] 'Ma mei' -> https://upload.wikimedia.org/wikipedia/commons/thumb/5/5d/Ma_Mei_Ha_bus_stop_05-07-2021.jpg/500px-Ma_Mei_Ha_bus_stop_05-07-2021.jpg
  [10326] 'Bwiru' -> https://upload.wikimedia.org/wikipedia/commons/thumb/a/a1/Bwiru_Secondary_School.jpg/500px-Bwiru_Secondary_School.jpg
  [commons.wikimedia.org] 429 intento 1, esperando 36s ...
  [10329] "Poi 'ulu" -> https://upload.wikimedia.org/wikipedia/commons/thumb/1/1a/Erzurum%2C_ulu_camii_%28moschea_grande_o_di_atabey_o_di_kebir%29%2C_1176-79%2C_poi_1639%2C_esterno%2C_portale_02.jpg/500px-Erzurum%2C_ulu_camii_%28moschea_grande_o_di_atabey_o_di_kebir%29%2C_1176-79%2C_poi_1639%2C_esterno%2C_portale_02.jpg
  [10330] 'Poi (taro)' -> https://upload.wikimedia.org/wikipedia/commons/thumb/a/a5/TARO_PATCHES_ALONG_HIGHWAY_36._TARO_ROOT_IS_THE_BASIS_OF_POI%2C_A_TRADITIONAL_HAWAIIAN_DISH_-_NARA_-_554077.tif/lossy-page1-500px-TARO_PATCHES_ALONG_HIGHWAY_36._TARO_ROOT_IS_THE_BASIS_OF_POI%2C_A_TRADITIONAL_HAWAIIAN_DISH_-_NARA_-_554077.tif.jpg

Imágenes asignadas: 399
Sin imagen encontrada: 2172
